<html>
<body>
<pre>
<h1>礦ision Build Log</h1>
<h2>Tool Versions:</h2>
IDE-Version: μVision V5.38.0.0
Copyright (C) 2022 ARM Ltd and ARM Germany GmbH. All rights reserved.
License Information: DI LUO, TOUCH FISH, LIC=QF82M-X0NAP-AR8XW-Q69B8-DYASS-LBVYU
 
Tool Versions:
Toolchain:       MDK-ARM Plus  Version: 5.38.0.0
Toolchain Path:  D:\Program Files\keil5\ARM\ARMCC\Bin
C Compiler:      Armcc.exe V5.06 update 7 (build 960)
Assembler:       Armasm.exe V5.06 update 7 (build 960)
Linker/Locator:  ArmLink.exe V5.06 update 7 (build 960)
Library Manager: ArmAr.exe V5.06 update 7 (build 960)
Hex Converter:   FromElf.exe V5.06 update 7 (build 960)
CPU DLL:         SARMCM3.DLL V5.38.0.0
Dialog DLL:      DCM.DLL V1.17.5.0
Target DLL:      STLink\ST-LINKIII-KEIL_SWO.dll V2.0.18.0
Dialog DLL:      TCM.DLL V1.56.4.0
 
<h2>Project:</h2>
D:\Program company\te1\DMA\MDK-ARM\DMA.uvprojx
Project File Date:  08/08/2024

<h2>Output:</h2>
*** Using Compiler 'V5.06 update 7 (build 960)', folder: 'D:\Program Files\keil5\ARM\ARMCC\Bin'
Build target 'DMA'
compiling PortF103Cn0510.c...
..\Core\Src\PortF103Cn0510.c(31): warning:  #188-D: enumerated type mixed with another type
      HAL_GPIO_WritePin(GPIOA, GPIO_PIN_2, 1); // 假设 RST 引脚连接到 PB0
..\Core\Src\PortF103Cn0510.c(38): warning:  #188-D: enumerated type mixed with another type
      HAL_GPIO_WritePin(GPIOA, GPIO_PIN_2, 0); // 假设 RST 引脚连接到 PB0
..\Core\Src\PortF103Cn0510.c(115): warning:  #1-D: last line of file ends without a newline
  ********/
..\Core\Src\PortF103Cn0510.c: 3 warnings, 0 errors
linking...
Program Size: Code=14996 RO-data=916 RW-data=32 ZI-data=1552  
FromELF: creating hex file...
"DMA\DMA.axf" - 0 Error(s), 3 Warning(s).

<h2>Software Packages used:</h2>

Package Vendor: ARM
                http://www.keil.com/pack/ARM.CMSIS.5.9.0.pack
                ARM.CMSIS.5.9.0
                CMSIS (Common Microcontroller Software Interface Standard)
   * Component: CORE Version: 5.6.0

Package Vendor: Keil
                http://www.keil.com/pack/Keil.STM32F1xx_DFP.2.4.0.pack
                Keil.STM32F1xx_DFP.2.4.0
                STMicroelectronics STM32F1 Series Device Support, Drivers and Examples

<h2>Collection of Component include folders:</h2>
  ./RTE/_DMA
  C:/Users/wjp403/AppData/Local/Arm/Packs/ARM/CMSIS/5.9.0/CMSIS/Core/Include
  C:/Users/wjp403/AppData/Local/Arm/Packs/Keil/STM32F1xx_DFP/2.4.0/Device/Include

<h2>Collection of Component Files used:</h2>

   * Component: ARM::CMSIS:CORE:5.6.0
Build Time Elapsed:  00:00:01
</pre>
</body>
</html>
