<!doctype html public "-//w3c//dtd html 4.0 transitional//en">
<html><head>
<title>Static Call Graph - [DMA\DMA.axf]</title></head>
<body><HR>
<H1>Static Call Graph for image DMA\DMA.axf</H1><HR>
<BR><P>#&#060CALLGRAPH&#062# ARM Linker, 5060960: Last Updated: Mon Aug 12 14:26:57 2024
<BR><P>
<H3>Maximum Stack Usage =        600 bytes + Unknown(Cycles, Untraceable Function Pointers)</H3><H3>
Call chain for Maximum Stack Depth:</H3>
main &rArr; AD5940_impedance_init &rArr; AppIMPInit &rArr; AppIMPSeqCfgGen &rArr; AD5940_SweepNext &rArr; pow &rArr; __kernel_poly &rArr; __aeabi_dmul &rArr; _double_epilogue &rArr; _double_round
<P>
<H3>
Mutually Recursive functions
</H3> <LI><a href="#[1c]">ADC1_2_IRQHandler</a>&nbsp;&nbsp;&nbsp;&rArr;&nbsp;&nbsp;&nbsp;<a href="#[1c]">ADC1_2_IRQHandler</a><BR>
 <LI><a href="#[4]">BusFault_Handler</a>&nbsp;&nbsp;&nbsp;&rArr;&nbsp;&nbsp;&nbsp;<a href="#[4]">BusFault_Handler</a><BR>
 <LI><a href="#[2]">HardFault_Handler</a>&nbsp;&nbsp;&nbsp;&rArr;&nbsp;&nbsp;&nbsp;<a href="#[2]">HardFault_Handler</a><BR>
 <LI><a href="#[3]">MemManage_Handler</a>&nbsp;&nbsp;&nbsp;&rArr;&nbsp;&nbsp;&nbsp;<a href="#[3]">MemManage_Handler</a><BR>
 <LI><a href="#[1]">NMI_Handler</a>&nbsp;&nbsp;&nbsp;&rArr;&nbsp;&nbsp;&nbsp;<a href="#[1]">NMI_Handler</a><BR>
 <LI><a href="#[ec]">UART_EndRxTransfer</a>&nbsp;&nbsp;&nbsp;&rArr;&nbsp;&nbsp;&nbsp;<a href="#[ec]">UART_EndRxTransfer</a><BR>
 <LI><a href="#[5]">UsageFault_Handler</a>&nbsp;&nbsp;&nbsp;&rArr;&nbsp;&nbsp;&nbsp;<a href="#[5]">UsageFault_Handler</a><BR>
 <LI><a href="#[7f]">AD5940_ClksCalculate</a>&nbsp;&nbsp;&nbsp;&rArr;&nbsp;&nbsp;&nbsp;<a href="#[7f]">AD5940_ClksCalculate</a><BR>
 <LI><a href="#[bf]">AppIMPCtrl</a>&nbsp;&nbsp;&nbsp;&rArr;&nbsp;&nbsp;&nbsp;<a href="#[bf]">AppIMPCtrl</a><BR>
</UL>
<P>
<H3>
Function Pointers
</H3><UL>
 <LI><a href="#[1c]">ADC1_2_IRQHandler</a> from startup_stm32f103xb.o(.text) referenced from startup_stm32f103xb.o(RESET)
 <LI><a href="#[4]">BusFault_Handler</a> from stm32f1xx_it.o(i.BusFault_Handler) referenced from startup_stm32f103xb.o(RESET)
 <LI><a href="#[1f]">CAN1_RX1_IRQHandler</a> from startup_stm32f103xb.o(.text) referenced from startup_stm32f103xb.o(RESET)
 <LI><a href="#[20]">CAN1_SCE_IRQHandler</a> from startup_stm32f103xb.o(.text) referenced from startup_stm32f103xb.o(RESET)
 <LI><a href="#[15]">DMA1_Channel1_IRQHandler</a> from startup_stm32f103xb.o(.text) referenced from startup_stm32f103xb.o(RESET)
 <LI><a href="#[16]">DMA1_Channel2_IRQHandler</a> from startup_stm32f103xb.o(.text) referenced from startup_stm32f103xb.o(RESET)
 <LI><a href="#[17]">DMA1_Channel3_IRQHandler</a> from startup_stm32f103xb.o(.text) referenced from startup_stm32f103xb.o(RESET)
 <LI><a href="#[18]">DMA1_Channel4_IRQHandler</a> from startup_stm32f103xb.o(.text) referenced from startup_stm32f103xb.o(RESET)
 <LI><a href="#[19]">DMA1_Channel5_IRQHandler</a> from startup_stm32f103xb.o(.text) referenced from startup_stm32f103xb.o(RESET)
 <LI><a href="#[1a]">DMA1_Channel6_IRQHandler</a> from startup_stm32f103xb.o(.text) referenced from startup_stm32f103xb.o(RESET)
 <LI><a href="#[1b]">DMA1_Channel7_IRQHandler</a> from startup_stm32f103xb.o(.text) referenced from startup_stm32f103xb.o(RESET)
 <LI><a href="#[7]">DebugMon_Handler</a> from stm32f1xx_it.o(i.DebugMon_Handler) referenced from startup_stm32f103xb.o(RESET)
 <LI><a href="#[10]">EXTI0_IRQHandler</a> from startup_stm32f103xb.o(.text) referenced from startup_stm32f103xb.o(RESET)
 <LI><a href="#[32]">EXTI15_10_IRQHandler</a> from startup_stm32f103xb.o(.text) referenced from startup_stm32f103xb.o(RESET)
 <LI><a href="#[11]">EXTI1_IRQHandler</a> from stm32f1xx_it.o(i.EXTI1_IRQHandler) referenced from startup_stm32f103xb.o(RESET)
 <LI><a href="#[12]">EXTI2_IRQHandler</a> from startup_stm32f103xb.o(.text) referenced from startup_stm32f103xb.o(RESET)
 <LI><a href="#[13]">EXTI3_IRQHandler</a> from startup_stm32f103xb.o(.text) referenced from startup_stm32f103xb.o(RESET)
 <LI><a href="#[14]">EXTI4_IRQHandler</a> from startup_stm32f103xb.o(.text) referenced from startup_stm32f103xb.o(RESET)
 <LI><a href="#[21]">EXTI9_5_IRQHandler</a> from startup_stm32f103xb.o(.text) referenced from startup_stm32f103xb.o(RESET)
 <LI><a href="#[e]">FLASH_IRQHandler</a> from startup_stm32f103xb.o(.text) referenced from startup_stm32f103xb.o(RESET)
 <LI><a href="#[2]">HardFault_Handler</a> from stm32f1xx_it.o(i.HardFault_Handler) referenced from startup_stm32f103xb.o(RESET)
 <LI><a href="#[2a]">I2C1_ER_IRQHandler</a> from startup_stm32f103xb.o(.text) referenced from startup_stm32f103xb.o(RESET)
 <LI><a href="#[29]">I2C1_EV_IRQHandler</a> from startup_stm32f103xb.o(.text) referenced from startup_stm32f103xb.o(RESET)
 <LI><a href="#[2c]">I2C2_ER_IRQHandler</a> from startup_stm32f103xb.o(.text) referenced from startup_stm32f103xb.o(RESET)
 <LI><a href="#[2b]">I2C2_EV_IRQHandler</a> from startup_stm32f103xb.o(.text) referenced from startup_stm32f103xb.o(RESET)
 <LI><a href="#[3]">MemManage_Handler</a> from stm32f1xx_it.o(i.MemManage_Handler) referenced from startup_stm32f103xb.o(RESET)
 <LI><a href="#[1]">NMI_Handler</a> from stm32f1xx_it.o(i.NMI_Handler) referenced from startup_stm32f103xb.o(RESET)
 <LI><a href="#[b]">PVD_IRQHandler</a> from startup_stm32f103xb.o(.text) referenced from startup_stm32f103xb.o(RESET)
 <LI><a href="#[8]">PendSV_Handler</a> from stm32f1xx_it.o(i.PendSV_Handler) referenced from startup_stm32f103xb.o(RESET)
 <LI><a href="#[f]">RCC_IRQHandler</a> from startup_stm32f103xb.o(.text) referenced from startup_stm32f103xb.o(RESET)
 <LI><a href="#[33]">RTC_Alarm_IRQHandler</a> from startup_stm32f103xb.o(.text) referenced from startup_stm32f103xb.o(RESET)
 <LI><a href="#[d]">RTC_IRQHandler</a> from startup_stm32f103xb.o(.text) referenced from startup_stm32f103xb.o(RESET)
 <LI><a href="#[0]">Reset_Handler</a> from startup_stm32f103xb.o(.text) referenced from startup_stm32f103xb.o(RESET)
 <LI><a href="#[2d]">SPI1_IRQHandler</a> from stm32f1xx_it.o(i.SPI1_IRQHandler) referenced from startup_stm32f103xb.o(RESET)
 <LI><a href="#[2e]">SPI2_IRQHandler</a> from startup_stm32f103xb.o(.text) referenced from startup_stm32f103xb.o(RESET)
 <LI><a href="#[38]">SPI_DMAAbortOnError</a> from stm32f1xx_hal_spi.o(i.SPI_DMAAbortOnError) referenced from stm32f1xx_hal_spi.o(i.HAL_SPI_IRQHandler)
 <LI><a href="#[6]">SVC_Handler</a> from stm32f1xx_it.o(i.SVC_Handler) referenced from startup_stm32f103xb.o(RESET)
 <LI><a href="#[9]">SysTick_Handler</a> from stm32f1xx_it.o(i.SysTick_Handler) referenced from startup_stm32f103xb.o(RESET)
 <LI><a href="#[36]">SystemInit</a> from system_stm32f1xx.o(i.SystemInit) referenced from startup_stm32f103xb.o(.text)
 <LI><a href="#[c]">TAMPER_IRQHandler</a> from startup_stm32f103xb.o(.text) referenced from startup_stm32f103xb.o(RESET)
 <LI><a href="#[22]">TIM1_BRK_IRQHandler</a> from startup_stm32f103xb.o(.text) referenced from startup_stm32f103xb.o(RESET)
 <LI><a href="#[25]">TIM1_CC_IRQHandler</a> from startup_stm32f103xb.o(.text) referenced from startup_stm32f103xb.o(RESET)
 <LI><a href="#[24]">TIM1_TRG_COM_IRQHandler</a> from startup_stm32f103xb.o(.text) referenced from startup_stm32f103xb.o(RESET)
 <LI><a href="#[23]">TIM1_UP_IRQHandler</a> from startup_stm32f103xb.o(.text) referenced from startup_stm32f103xb.o(RESET)
 <LI><a href="#[26]">TIM2_IRQHandler</a> from startup_stm32f103xb.o(.text) referenced from startup_stm32f103xb.o(RESET)
 <LI><a href="#[27]">TIM3_IRQHandler</a> from startup_stm32f103xb.o(.text) referenced from startup_stm32f103xb.o(RESET)
 <LI><a href="#[28]">TIM4_IRQHandler</a> from startup_stm32f103xb.o(.text) referenced from startup_stm32f103xb.o(RESET)
 <LI><a href="#[39]">UART_DMAAbortOnError</a> from stm32f1xx_hal_uart.o(i.UART_DMAAbortOnError) referenced from stm32f1xx_hal_uart.o(i.HAL_UART_IRQHandler)
 <LI><a href="#[2f]">USART1_IRQHandler</a> from stm32f1xx_it.o(i.USART1_IRQHandler) referenced from startup_stm32f103xb.o(RESET)
 <LI><a href="#[30]">USART2_IRQHandler</a> from startup_stm32f103xb.o(.text) referenced from startup_stm32f103xb.o(RESET)
 <LI><a href="#[31]">USART3_IRQHandler</a> from startup_stm32f103xb.o(.text) referenced from startup_stm32f103xb.o(RESET)
 <LI><a href="#[34]">USBWakeUp_IRQHandler</a> from startup_stm32f103xb.o(.text) referenced from startup_stm32f103xb.o(RESET)
 <LI><a href="#[1d]">USB_HP_CAN1_TX_IRQHandler</a> from startup_stm32f103xb.o(.text) referenced from startup_stm32f103xb.o(RESET)
 <LI><a href="#[1e]">USB_LP_CAN1_RX0_IRQHandler</a> from startup_stm32f103xb.o(.text) referenced from startup_stm32f103xb.o(RESET)
 <LI><a href="#[5]">UsageFault_Handler</a> from stm32f1xx_it.o(i.UsageFault_Handler) referenced from startup_stm32f103xb.o(RESET)
 <LI><a href="#[a]">WWDG_IRQHandler</a> from startup_stm32f103xb.o(.text) referenced from startup_stm32f103xb.o(RESET)
 <LI><a href="#[37]">__main</a> from entry.o(.ARM.Collect$$$$00000000) referenced from startup_stm32f103xb.o(.text)
 <LI><a href="#[3a]">fputc</a> from usart.o(i.fputc) referenced from printfa.o(i.__0printf)
 <LI><a href="#[35]">main</a> from main.o(i.main) referenced from entry9a.o(.ARM.Collect$$$$0000000B)
</UL>
<P>
<H3>
Global Symbols
</H3>
<P><STRONG><a name="[37]"></a>__main</STRONG> (Thumb, 0 bytes, Stack size unknown bytes, entry.o(.ARM.Collect$$$$00000000))
<BR>[Address Reference Count : 1]<UL><LI> startup_stm32f103xb.o(.text)
</UL>
<P><STRONG><a name="[11a]"></a>_main_stk</STRONG> (Thumb, 0 bytes, Stack size unknown bytes, entry2.o(.ARM.Collect$$$$00000001))

<P><STRONG><a name="[3b]"></a>_main_scatterload</STRONG> (Thumb, 0 bytes, Stack size unknown bytes, entry5.o(.ARM.Collect$$$$00000004))
<BR><BR>[Calls]<UL><LI><a href="#[3c]">&gt;&gt;</a>&nbsp;&nbsp;&nbsp;__scatterload
</UL>

<P><STRONG><a name="[59]"></a>__main_after_scatterload</STRONG> (Thumb, 0 bytes, Stack size unknown bytes, entry5.o(.ARM.Collect$$$$00000004))
<BR><BR>[Called By]<UL><LI><a href="#[3c]">&gt;&gt;</a>&nbsp;&nbsp;&nbsp;__scatterload
</UL>

<P><STRONG><a name="[11b]"></a>_main_clock</STRONG> (Thumb, 0 bytes, Stack size unknown bytes, entry7b.o(.ARM.Collect$$$$00000008))

<P><STRONG><a name="[11c]"></a>_main_cpp_init</STRONG> (Thumb, 0 bytes, Stack size unknown bytes, entry8b.o(.ARM.Collect$$$$0000000A))

<P><STRONG><a name="[11d]"></a>_main_init</STRONG> (Thumb, 0 bytes, Stack size unknown bytes, entry9a.o(.ARM.Collect$$$$0000000B))

<P><STRONG><a name="[11e]"></a>__rt_lib_shutdown_fini</STRONG> (Thumb, 0 bytes, Stack size unknown bytes, entry12b.o(.ARM.Collect$$$$0000000E))

<P><STRONG><a name="[11f]"></a>__rt_final_cpp</STRONG> (Thumb, 0 bytes, Stack size unknown bytes, entry10a.o(.ARM.Collect$$$$0000000F))

<P><STRONG><a name="[120]"></a>__rt_final_exit</STRONG> (Thumb, 0 bytes, Stack size unknown bytes, entry11a.o(.ARM.Collect$$$$00000011))

<P><STRONG><a name="[0]"></a>Reset_Handler</STRONG> (Thumb, 8 bytes, Stack size 0 bytes, startup_stm32f103xb.o(.text))
<BR>[Address Reference Count : 1]<UL><LI> startup_stm32f103xb.o(RESET)
</UL>
<P><STRONG><a name="[1c]"></a>ADC1_2_IRQHandler</STRONG> (Thumb, 0 bytes, Stack size 0 bytes, startup_stm32f103xb.o(.text))
<BR><BR>[Calls]<UL><LI><a href="#[1c]">&gt;&gt;</a>&nbsp;&nbsp;&nbsp;ADC1_2_IRQHandler
</UL>
<BR>[Called By]<UL><LI><a href="#[1c]">&gt;&gt;</a>&nbsp;&nbsp;&nbsp;ADC1_2_IRQHandler
</UL>
<BR>[Address Reference Count : 1]<UL><LI> startup_stm32f103xb.o(RESET)
</UL>
<P><STRONG><a name="[1f]"></a>CAN1_RX1_IRQHandler</STRONG> (Thumb, 0 bytes, Stack size 0 bytes, startup_stm32f103xb.o(.text))
<BR>[Address Reference Count : 1]<UL><LI> startup_stm32f103xb.o(RESET)
</UL>
<P><STRONG><a name="[20]"></a>CAN1_SCE_IRQHandler</STRONG> (Thumb, 0 bytes, Stack size 0 bytes, startup_stm32f103xb.o(.text))
<BR>[Address Reference Count : 1]<UL><LI> startup_stm32f103xb.o(RESET)
</UL>
<P><STRONG><a name="[15]"></a>DMA1_Channel1_IRQHandler</STRONG> (Thumb, 0 bytes, Stack size 0 bytes, startup_stm32f103xb.o(.text))
<BR>[Address Reference Count : 1]<UL><LI> startup_stm32f103xb.o(RESET)
</UL>
<P><STRONG><a name="[16]"></a>DMA1_Channel2_IRQHandler</STRONG> (Thumb, 0 bytes, Stack size 0 bytes, startup_stm32f103xb.o(.text))
<BR>[Address Reference Count : 1]<UL><LI> startup_stm32f103xb.o(RESET)
</UL>
<P><STRONG><a name="[17]"></a>DMA1_Channel3_IRQHandler</STRONG> (Thumb, 0 bytes, Stack size 0 bytes, startup_stm32f103xb.o(.text))
<BR>[Address Reference Count : 1]<UL><LI> startup_stm32f103xb.o(RESET)
</UL>
<P><STRONG><a name="[18]"></a>DMA1_Channel4_IRQHandler</STRONG> (Thumb, 0 bytes, Stack size 0 bytes, startup_stm32f103xb.o(.text))
<BR>[Address Reference Count : 1]<UL><LI> startup_stm32f103xb.o(RESET)
</UL>
<P><STRONG><a name="[19]"></a>DMA1_Channel5_IRQHandler</STRONG> (Thumb, 0 bytes, Stack size 0 bytes, startup_stm32f103xb.o(.text))
<BR>[Address Reference Count : 1]<UL><LI> startup_stm32f103xb.o(RESET)
</UL>
<P><STRONG><a name="[1a]"></a>DMA1_Channel6_IRQHandler</STRONG> (Thumb, 0 bytes, Stack size 0 bytes, startup_stm32f103xb.o(.text))
<BR>[Address Reference Count : 1]<UL><LI> startup_stm32f103xb.o(RESET)
</UL>
<P><STRONG><a name="[1b]"></a>DMA1_Channel7_IRQHandler</STRONG> (Thumb, 0 bytes, Stack size 0 bytes, startup_stm32f103xb.o(.text))
<BR>[Address Reference Count : 1]<UL><LI> startup_stm32f103xb.o(RESET)
</UL>
<P><STRONG><a name="[10]"></a>EXTI0_IRQHandler</STRONG> (Thumb, 0 bytes, Stack size 0 bytes, startup_stm32f103xb.o(.text))
<BR>[Address Reference Count : 1]<UL><LI> startup_stm32f103xb.o(RESET)
</UL>
<P><STRONG><a name="[32]"></a>EXTI15_10_IRQHandler</STRONG> (Thumb, 0 bytes, Stack size 0 bytes, startup_stm32f103xb.o(.text))
<BR>[Address Reference Count : 1]<UL><LI> startup_stm32f103xb.o(RESET)
</UL>
<P><STRONG><a name="[12]"></a>EXTI2_IRQHandler</STRONG> (Thumb, 0 bytes, Stack size 0 bytes, startup_stm32f103xb.o(.text))
<BR>[Address Reference Count : 1]<UL><LI> startup_stm32f103xb.o(RESET)
</UL>
<P><STRONG><a name="[13]"></a>EXTI3_IRQHandler</STRONG> (Thumb, 0 bytes, Stack size 0 bytes, startup_stm32f103xb.o(.text))
<BR>[Address Reference Count : 1]<UL><LI> startup_stm32f103xb.o(RESET)
</UL>
<P><STRONG><a name="[14]"></a>EXTI4_IRQHandler</STRONG> (Thumb, 0 bytes, Stack size 0 bytes, startup_stm32f103xb.o(.text))
<BR>[Address Reference Count : 1]<UL><LI> startup_stm32f103xb.o(RESET)
</UL>
<P><STRONG><a name="[21]"></a>EXTI9_5_IRQHandler</STRONG> (Thumb, 0 bytes, Stack size 0 bytes, startup_stm32f103xb.o(.text))
<BR>[Address Reference Count : 1]<UL><LI> startup_stm32f103xb.o(RESET)
</UL>
<P><STRONG><a name="[e]"></a>FLASH_IRQHandler</STRONG> (Thumb, 0 bytes, Stack size 0 bytes, startup_stm32f103xb.o(.text))
<BR>[Address Reference Count : 1]<UL><LI> startup_stm32f103xb.o(RESET)
</UL>
<P><STRONG><a name="[2a]"></a>I2C1_ER_IRQHandler</STRONG> (Thumb, 0 bytes, Stack size 0 bytes, startup_stm32f103xb.o(.text))
<BR>[Address Reference Count : 1]<UL><LI> startup_stm32f103xb.o(RESET)
</UL>
<P><STRONG><a name="[29]"></a>I2C1_EV_IRQHandler</STRONG> (Thumb, 0 bytes, Stack size 0 bytes, startup_stm32f103xb.o(.text))
<BR>[Address Reference Count : 1]<UL><LI> startup_stm32f103xb.o(RESET)
</UL>
<P><STRONG><a name="[2c]"></a>I2C2_ER_IRQHandler</STRONG> (Thumb, 0 bytes, Stack size 0 bytes, startup_stm32f103xb.o(.text))
<BR>[Address Reference Count : 1]<UL><LI> startup_stm32f103xb.o(RESET)
</UL>
<P><STRONG><a name="[2b]"></a>I2C2_EV_IRQHandler</STRONG> (Thumb, 0 bytes, Stack size 0 bytes, startup_stm32f103xb.o(.text))
<BR>[Address Reference Count : 1]<UL><LI> startup_stm32f103xb.o(RESET)
</UL>
<P><STRONG><a name="[b]"></a>PVD_IRQHandler</STRONG> (Thumb, 0 bytes, Stack size 0 bytes, startup_stm32f103xb.o(.text))
<BR>[Address Reference Count : 1]<UL><LI> startup_stm32f103xb.o(RESET)
</UL>
<P><STRONG><a name="[f]"></a>RCC_IRQHandler</STRONG> (Thumb, 0 bytes, Stack size 0 bytes, startup_stm32f103xb.o(.text))
<BR>[Address Reference Count : 1]<UL><LI> startup_stm32f103xb.o(RESET)
</UL>
<P><STRONG><a name="[33]"></a>RTC_Alarm_IRQHandler</STRONG> (Thumb, 0 bytes, Stack size 0 bytes, startup_stm32f103xb.o(.text))
<BR>[Address Reference Count : 1]<UL><LI> startup_stm32f103xb.o(RESET)
</UL>
<P><STRONG><a name="[d]"></a>RTC_IRQHandler</STRONG> (Thumb, 0 bytes, Stack size 0 bytes, startup_stm32f103xb.o(.text))
<BR>[Address Reference Count : 1]<UL><LI> startup_stm32f103xb.o(RESET)
</UL>
<P><STRONG><a name="[2e]"></a>SPI2_IRQHandler</STRONG> (Thumb, 0 bytes, Stack size 0 bytes, startup_stm32f103xb.o(.text))
<BR>[Address Reference Count : 1]<UL><LI> startup_stm32f103xb.o(RESET)
</UL>
<P><STRONG><a name="[c]"></a>TAMPER_IRQHandler</STRONG> (Thumb, 0 bytes, Stack size 0 bytes, startup_stm32f103xb.o(.text))
<BR>[Address Reference Count : 1]<UL><LI> startup_stm32f103xb.o(RESET)
</UL>
<P><STRONG><a name="[22]"></a>TIM1_BRK_IRQHandler</STRONG> (Thumb, 0 bytes, Stack size 0 bytes, startup_stm32f103xb.o(.text))
<BR>[Address Reference Count : 1]<UL><LI> startup_stm32f103xb.o(RESET)
</UL>
<P><STRONG><a name="[25]"></a>TIM1_CC_IRQHandler</STRONG> (Thumb, 0 bytes, Stack size 0 bytes, startup_stm32f103xb.o(.text))
<BR>[Address Reference Count : 1]<UL><LI> startup_stm32f103xb.o(RESET)
</UL>
<P><STRONG><a name="[24]"></a>TIM1_TRG_COM_IRQHandler</STRONG> (Thumb, 0 bytes, Stack size 0 bytes, startup_stm32f103xb.o(.text))
<BR>[Address Reference Count : 1]<UL><LI> startup_stm32f103xb.o(RESET)
</UL>
<P><STRONG><a name="[23]"></a>TIM1_UP_IRQHandler</STRONG> (Thumb, 0 bytes, Stack size 0 bytes, startup_stm32f103xb.o(.text))
<BR>[Address Reference Count : 1]<UL><LI> startup_stm32f103xb.o(RESET)
</UL>
<P><STRONG><a name="[26]"></a>TIM2_IRQHandler</STRONG> (Thumb, 0 bytes, Stack size 0 bytes, startup_stm32f103xb.o(.text))
<BR>[Address Reference Count : 1]<UL><LI> startup_stm32f103xb.o(RESET)
</UL>
<P><STRONG><a name="[27]"></a>TIM3_IRQHandler</STRONG> (Thumb, 0 bytes, Stack size 0 bytes, startup_stm32f103xb.o(.text))
<BR>[Address Reference Count : 1]<UL><LI> startup_stm32f103xb.o(RESET)
</UL>
<P><STRONG><a name="[28]"></a>TIM4_IRQHandler</STRONG> (Thumb, 0 bytes, Stack size 0 bytes, startup_stm32f103xb.o(.text))
<BR>[Address Reference Count : 1]<UL><LI> startup_stm32f103xb.o(RESET)
</UL>
<P><STRONG><a name="[30]"></a>USART2_IRQHandler</STRONG> (Thumb, 0 bytes, Stack size 0 bytes, startup_stm32f103xb.o(.text))
<BR>[Address Reference Count : 1]<UL><LI> startup_stm32f103xb.o(RESET)
</UL>
<P><STRONG><a name="[31]"></a>USART3_IRQHandler</STRONG> (Thumb, 0 bytes, Stack size 0 bytes, startup_stm32f103xb.o(.text))
<BR>[Address Reference Count : 1]<UL><LI> startup_stm32f103xb.o(RESET)
</UL>
<P><STRONG><a name="[34]"></a>USBWakeUp_IRQHandler</STRONG> (Thumb, 0 bytes, Stack size 0 bytes, startup_stm32f103xb.o(.text))
<BR>[Address Reference Count : 1]<UL><LI> startup_stm32f103xb.o(RESET)
</UL>
<P><STRONG><a name="[1d]"></a>USB_HP_CAN1_TX_IRQHandler</STRONG> (Thumb, 0 bytes, Stack size 0 bytes, startup_stm32f103xb.o(.text))
<BR>[Address Reference Count : 1]<UL><LI> startup_stm32f103xb.o(RESET)
</UL>
<P><STRONG><a name="[1e]"></a>USB_LP_CAN1_RX0_IRQHandler</STRONG> (Thumb, 0 bytes, Stack size 0 bytes, startup_stm32f103xb.o(.text))
<BR>[Address Reference Count : 1]<UL><LI> startup_stm32f103xb.o(RESET)
</UL>
<P><STRONG><a name="[a]"></a>WWDG_IRQHandler</STRONG> (Thumb, 0 bytes, Stack size 0 bytes, startup_stm32f103xb.o(.text))
<BR>[Address Reference Count : 1]<UL><LI> startup_stm32f103xb.o(RESET)
</UL>
<P><STRONG><a name="[47]"></a>__aeabi_llsl</STRONG> (Thumb, 30 bytes, Stack size 0 bytes, llshl.o(.text))
<BR><BR>[Called By]<UL><LI><a href="#[46]">&gt;&gt;</a>&nbsp;&nbsp;&nbsp;__aeabi_dadd
<LI><a href="#[b3]">&gt;&gt;</a>&nbsp;&nbsp;&nbsp;AD5940_WGFreqWordCal
<LI><a href="#[58]">&gt;&gt;</a>&nbsp;&nbsp;&nbsp;__aeabi_d2ulz
<LI><a href="#[55]">&gt;&gt;</a>&nbsp;&nbsp;&nbsp;__aeabi_uldivmod
<LI><a href="#[49]">&gt;&gt;</a>&nbsp;&nbsp;&nbsp;_double_epilogue
</UL>

<P><STRONG><a name="[121]"></a>_ll_shift_l</STRONG> (Thumb, 0 bytes, Stack size 0 bytes, llshl.o(.text), UNUSED)

<P><STRONG><a name="[56]"></a>__aeabi_llsr</STRONG> (Thumb, 32 bytes, Stack size 0 bytes, llushr.o(.text))
<BR><BR>[Called By]<UL><LI><a href="#[58]">&gt;&gt;</a>&nbsp;&nbsp;&nbsp;__aeabi_d2ulz
<LI><a href="#[57]">&gt;&gt;</a>&nbsp;&nbsp;&nbsp;_dsqrt
<LI><a href="#[55]">&gt;&gt;</a>&nbsp;&nbsp;&nbsp;__aeabi_uldivmod
<LI><a href="#[49]">&gt;&gt;</a>&nbsp;&nbsp;&nbsp;_double_epilogue
</UL>

<P><STRONG><a name="[122]"></a>_ll_ushift_r</STRONG> (Thumb, 0 bytes, Stack size 0 bytes, llushr.o(.text), UNUSED)

<P><STRONG><a name="[123]"></a>__aeabi_memcpy</STRONG> (Thumb, 36 bytes, Stack size 0 bytes, memcpya.o(.text), UNUSED)

<P><STRONG><a name="[80]"></a>__aeabi_memcpy4</STRONG> (Thumb, 0 bytes, Stack size 0 bytes, memcpya.o(.text))
<BR><BR>[Called By]<UL><LI><a href="#[5e]">&gt;&gt;</a>&nbsp;&nbsp;&nbsp;AD5940_Initialize
<LI><a href="#[7f]">&gt;&gt;</a>&nbsp;&nbsp;&nbsp;AD5940_ClksCalculate
</UL>

<P><STRONG><a name="[124]"></a>__aeabi_memcpy8</STRONG> (Thumb, 0 bytes, Stack size 0 bytes, memcpya.o(.text), UNUSED)

<P><STRONG><a name="[3e]"></a>__aeabi_memset</STRONG> (Thumb, 14 bytes, Stack size 0 bytes, memseta.o(.text), UNUSED)
<BR><BR>[Called By]<UL><LI><a href="#[3f]">&gt;&gt;</a>&nbsp;&nbsp;&nbsp;_memset$wrapper
<LI><a href="#[3d]">&gt;&gt;</a>&nbsp;&nbsp;&nbsp;__aeabi_memclr
</UL>

<P><STRONG><a name="[125]"></a>__aeabi_memset4</STRONG> (Thumb, 0 bytes, Stack size 0 bytes, memseta.o(.text), UNUSED)

<P><STRONG><a name="[126]"></a>__aeabi_memset8</STRONG> (Thumb, 0 bytes, Stack size 0 bytes, memseta.o(.text), UNUSED)

<P><STRONG><a name="[3d]"></a>__aeabi_memclr</STRONG> (Thumb, 4 bytes, Stack size 0 bytes, memseta.o(.text), UNUSED)
<BR><BR>[Calls]<UL><LI><a href="#[3e]">&gt;&gt;</a>&nbsp;&nbsp;&nbsp;__aeabi_memset
</UL>

<P><STRONG><a name="[c1]"></a>__aeabi_memclr4</STRONG> (Thumb, 0 bytes, Stack size 0 bytes, memseta.o(.text))
<BR><BR>[Called By]<UL><LI><a href="#[102]">&gt;&gt;</a>&nbsp;&nbsp;&nbsp;SystemClock_Config
<LI><a href="#[bf]">&gt;&gt;</a>&nbsp;&nbsp;&nbsp;AppIMPCtrl
</UL>

<P><STRONG><a name="[127]"></a>__aeabi_memclr8</STRONG> (Thumb, 0 bytes, Stack size 0 bytes, memseta.o(.text), UNUSED)

<P><STRONG><a name="[3f]"></a>_memset$wrapper</STRONG> (Thumb, 18 bytes, Stack size 8 bytes, memseta.o(.text), UNUSED)
<BR><BR>[Calls]<UL><LI><a href="#[3e]">&gt;&gt;</a>&nbsp;&nbsp;&nbsp;__aeabi_memset
</UL>

<P><STRONG><a name="[40]"></a>__aeabi_fadd</STRONG> (Thumb, 164 bytes, Stack size 16 bytes, fadd.o(.text))
<BR><BR>[Stack]<UL><LI>Max Depth = 20<LI>Call Chain = __aeabi_fadd &rArr; _float_epilogue
</UL>
<BR>[Calls]<UL><LI><a href="#[42]">&gt;&gt;</a>&nbsp;&nbsp;&nbsp;_float_round
<LI><a href="#[41]">&gt;&gt;</a>&nbsp;&nbsp;&nbsp;_float_epilogue
</UL>
<BR>[Called By]<UL><LI><a href="#[43]">&gt;&gt;</a>&nbsp;&nbsp;&nbsp;__aeabi_fsub
<LI><a href="#[b3]">&gt;&gt;</a>&nbsp;&nbsp;&nbsp;AD5940_WGFreqWordCal
<LI><a href="#[7f]">&gt;&gt;</a>&nbsp;&nbsp;&nbsp;AD5940_ClksCalculate
<LI><a href="#[c2]">&gt;&gt;</a>&nbsp;&nbsp;&nbsp;AppIMPDataProcess
<LI><a href="#[c7]">&gt;&gt;</a>&nbsp;&nbsp;&nbsp;AppIMPSeqCfgGen
<LI><a href="#[44]">&gt;&gt;</a>&nbsp;&nbsp;&nbsp;__aeabi_frsub
</UL>

<P><STRONG><a name="[43]"></a>__aeabi_fsub</STRONG> (Thumb, 6 bytes, Stack size 0 bytes, fadd.o(.text))
<BR><BR>[Stack]<UL><LI>Max Depth = 20<LI>Call Chain = __aeabi_fsub &rArr; __aeabi_fadd &rArr; _float_epilogue
</UL>
<BR>[Calls]<UL><LI><a href="#[40]">&gt;&gt;</a>&nbsp;&nbsp;&nbsp;__aeabi_fadd
</UL>
<BR>[Called By]<UL><LI><a href="#[ae]">&gt;&gt;</a>&nbsp;&nbsp;&nbsp;AD5940_SweepNext
<LI><a href="#[5f]">&gt;&gt;</a>&nbsp;&nbsp;&nbsp;AD5940_ADCPGACal
<LI><a href="#[c2]">&gt;&gt;</a>&nbsp;&nbsp;&nbsp;AppIMPDataProcess
</UL>

<P><STRONG><a name="[44]"></a>__aeabi_frsub</STRONG> (Thumb, 6 bytes, Stack size 0 bytes, fadd.o(.text), UNUSED)
<BR><BR>[Calls]<UL><LI><a href="#[40]">&gt;&gt;</a>&nbsp;&nbsp;&nbsp;__aeabi_fadd
</UL>

<P><STRONG><a name="[6f]"></a>__aeabi_fmul</STRONG> (Thumb, 100 bytes, Stack size 8 bytes, fmul.o(.text))
<BR><BR>[Stack]<UL><LI>Max Depth = 8<LI>Call Chain = __aeabi_fmul
</UL>
<BR>[Called By]<UL><LI><a href="#[b3]">&gt;&gt;</a>&nbsp;&nbsp;&nbsp;AD5940_WGFreqWordCal
<LI><a href="#[7f]">&gt;&gt;</a>&nbsp;&nbsp;&nbsp;AD5940_ClksCalculate
<LI><a href="#[5f]">&gt;&gt;</a>&nbsp;&nbsp;&nbsp;AD5940_ADCPGACal
<LI><a href="#[6b]">&gt;&gt;</a>&nbsp;&nbsp;&nbsp;AD5940_ADCCode2Volt
<LI><a href="#[bb]">&gt;&gt;</a>&nbsp;&nbsp;&nbsp;ImpedanceShowResult
<LI><a href="#[c2]">&gt;&gt;</a>&nbsp;&nbsp;&nbsp;AppIMPDataProcess
<LI><a href="#[c7]">&gt;&gt;</a>&nbsp;&nbsp;&nbsp;AppIMPSeqCfgGen
</UL>

<P><STRONG><a name="[45]"></a>__aeabi_fdiv</STRONG> (Thumb, 124 bytes, Stack size 8 bytes, fdiv.o(.text))
<BR><BR>[Stack]<UL><LI>Max Depth = 8<LI>Call Chain = __aeabi_fdiv
</UL>
<BR>[Calls]<UL><LI><a href="#[42]">&gt;&gt;</a>&nbsp;&nbsp;&nbsp;_float_round
</UL>
<BR>[Called By]<UL><LI><a href="#[b3]">&gt;&gt;</a>&nbsp;&nbsp;&nbsp;AD5940_WGFreqWordCal
<LI><a href="#[ae]">&gt;&gt;</a>&nbsp;&nbsp;&nbsp;AD5940_SweepNext
<LI><a href="#[5f]">&gt;&gt;</a>&nbsp;&nbsp;&nbsp;AD5940_ADCPGACal
<LI><a href="#[6b]">&gt;&gt;</a>&nbsp;&nbsp;&nbsp;AD5940_ADCCode2Volt
<LI><a href="#[bf]">&gt;&gt;</a>&nbsp;&nbsp;&nbsp;AppIMPCtrl
<LI><a href="#[bb]">&gt;&gt;</a>&nbsp;&nbsp;&nbsp;ImpedanceShowResult
<LI><a href="#[c2]">&gt;&gt;</a>&nbsp;&nbsp;&nbsp;AppIMPDataProcess
<LI><a href="#[c8]">&gt;&gt;</a>&nbsp;&nbsp;&nbsp;AppIMPSeqMeasureGen
<LI><a href="#[c7]">&gt;&gt;</a>&nbsp;&nbsp;&nbsp;AppIMPSeqCfgGen
</UL>

<P><STRONG><a name="[6e]"></a>__ARM_scalbnf</STRONG> (Thumb, 24 bytes, Stack size 0 bytes, fscalb.o(.text))
<BR><BR>[Called By]<UL><LI><a href="#[5f]">&gt;&gt;</a>&nbsp;&nbsp;&nbsp;AD5940_ADCPGACal
<LI><a href="#[6b]">&gt;&gt;</a>&nbsp;&nbsp;&nbsp;AD5940_ADCCode2Volt
</UL>

<P><STRONG><a name="[128]"></a>scalbnf</STRONG> (Thumb, 0 bytes, Stack size 0 bytes, fscalb.o(.text), UNUSED)

<P><STRONG><a name="[46]"></a>__aeabi_dadd</STRONG> (Thumb, 322 bytes, Stack size 48 bytes, dadd.o(.text))
<BR><BR>[Stack]<UL><LI>Max Depth = 88<LI>Call Chain = __aeabi_dadd &rArr; _double_epilogue &rArr; _double_round
</UL>
<BR>[Calls]<UL><LI><a href="#[47]">&gt;&gt;</a>&nbsp;&nbsp;&nbsp;__aeabi_llsl
<LI><a href="#[48]">&gt;&gt;</a>&nbsp;&nbsp;&nbsp;__aeabi_lasr
<LI><a href="#[4a]">&gt;&gt;</a>&nbsp;&nbsp;&nbsp;_double_round
<LI><a href="#[49]">&gt;&gt;</a>&nbsp;&nbsp;&nbsp;_double_epilogue
</UL>
<BR>[Called By]<UL><LI><a href="#[ae]">&gt;&gt;</a>&nbsp;&nbsp;&nbsp;AD5940_SweepNext
<LI><a href="#[5c]">&gt;&gt;</a>&nbsp;&nbsp;&nbsp;AD5940_ADC
<LI><a href="#[110]">&gt;&gt;</a>&nbsp;&nbsp;&nbsp;_fp_digits
<LI><a href="#[b1]">&gt;&gt;</a>&nbsp;&nbsp;&nbsp;pow
<LI><a href="#[b0]">&gt;&gt;</a>&nbsp;&nbsp;&nbsp;log10
<LI><a href="#[4b]">&gt;&gt;</a>&nbsp;&nbsp;&nbsp;__aeabi_dsub
<LI><a href="#[4c]">&gt;&gt;</a>&nbsp;&nbsp;&nbsp;__aeabi_drsub
<LI><a href="#[108]">&gt;&gt;</a>&nbsp;&nbsp;&nbsp;__kernel_poly
<LI><a href="#[119]">&gt;&gt;</a>&nbsp;&nbsp;&nbsp;log
<LI><a href="#[10c]">&gt;&gt;</a>&nbsp;&nbsp;&nbsp;__mathlib_dbl_infnan2
<LI><a href="#[115]">&gt;&gt;</a>&nbsp;&nbsp;&nbsp;atan
</UL>

<P><STRONG><a name="[4b]"></a>__aeabi_dsub</STRONG> (Thumb, 6 bytes, Stack size 0 bytes, dadd.o(.text))
<BR><BR>[Stack]<UL><LI>Max Depth = 88<LI>Call Chain = __aeabi_dsub &rArr; __aeabi_dadd &rArr; _double_epilogue &rArr; _double_round
</UL>
<BR>[Calls]<UL><LI><a href="#[46]">&gt;&gt;</a>&nbsp;&nbsp;&nbsp;__aeabi_dadd
</UL>
<BR>[Called By]<UL><LI><a href="#[b1]">&gt;&gt;</a>&nbsp;&nbsp;&nbsp;pow
<LI><a href="#[c4]">&gt;&gt;</a>&nbsp;&nbsp;&nbsp;atan2
<LI><a href="#[119]">&gt;&gt;</a>&nbsp;&nbsp;&nbsp;log
<LI><a href="#[115]">&gt;&gt;</a>&nbsp;&nbsp;&nbsp;atan
</UL>

<P><STRONG><a name="[4c]"></a>__aeabi_drsub</STRONG> (Thumb, 6 bytes, Stack size 0 bytes, dadd.o(.text))
<BR><BR>[Stack]<UL><LI>Max Depth = 88<LI>Call Chain = __aeabi_drsub &rArr; __aeabi_dadd &rArr; _double_epilogue &rArr; _double_round
</UL>
<BR>[Calls]<UL><LI><a href="#[46]">&gt;&gt;</a>&nbsp;&nbsp;&nbsp;__aeabi_dadd
</UL>
<BR>[Called By]<UL><LI><a href="#[b1]">&gt;&gt;</a>&nbsp;&nbsp;&nbsp;pow
<LI><a href="#[c4]">&gt;&gt;</a>&nbsp;&nbsp;&nbsp;atan2
<LI><a href="#[119]">&gt;&gt;</a>&nbsp;&nbsp;&nbsp;log
<LI><a href="#[115]">&gt;&gt;</a>&nbsp;&nbsp;&nbsp;atan
</UL>

<P><STRONG><a name="[4d]"></a>__aeabi_dmul</STRONG> (Thumb, 228 bytes, Stack size 48 bytes, dmul.o(.text))
<BR><BR>[Stack]<UL><LI>Max Depth = 88<LI>Call Chain = __aeabi_dmul &rArr; _double_epilogue &rArr; _double_round
</UL>
<BR>[Calls]<UL><LI><a href="#[49]">&gt;&gt;</a>&nbsp;&nbsp;&nbsp;_double_epilogue
</UL>
<BR>[Called By]<UL><LI><a href="#[ae]">&gt;&gt;</a>&nbsp;&nbsp;&nbsp;AD5940_SweepNext
<LI><a href="#[110]">&gt;&gt;</a>&nbsp;&nbsp;&nbsp;_fp_digits
<LI><a href="#[b1]">&gt;&gt;</a>&nbsp;&nbsp;&nbsp;pow
<LI><a href="#[b0]">&gt;&gt;</a>&nbsp;&nbsp;&nbsp;log10
<LI><a href="#[108]">&gt;&gt;</a>&nbsp;&nbsp;&nbsp;__kernel_poly
<LI><a href="#[119]">&gt;&gt;</a>&nbsp;&nbsp;&nbsp;log
<LI><a href="#[115]">&gt;&gt;</a>&nbsp;&nbsp;&nbsp;atan
</UL>

<P><STRONG><a name="[4e]"></a>__aeabi_ddiv</STRONG> (Thumb, 222 bytes, Stack size 32 bytes, ddiv.o(.text))
<BR><BR>[Stack]<UL><LI>Max Depth = 40<LI>Call Chain = __aeabi_ddiv &rArr; _double_round
</UL>
<BR>[Calls]<UL><LI><a href="#[4a]">&gt;&gt;</a>&nbsp;&nbsp;&nbsp;_double_round
</UL>
<BR>[Called By]<UL><LI><a href="#[ae]">&gt;&gt;</a>&nbsp;&nbsp;&nbsp;AD5940_SweepNext
<LI><a href="#[110]">&gt;&gt;</a>&nbsp;&nbsp;&nbsp;_fp_digits
<LI><a href="#[b1]">&gt;&gt;</a>&nbsp;&nbsp;&nbsp;pow
<LI><a href="#[c4]">&gt;&gt;</a>&nbsp;&nbsp;&nbsp;atan2
<LI><a href="#[119]">&gt;&gt;</a>&nbsp;&nbsp;&nbsp;log
<LI><a href="#[10d]">&gt;&gt;</a>&nbsp;&nbsp;&nbsp;__mathlib_dbl_invalid
<LI><a href="#[109]">&gt;&gt;</a>&nbsp;&nbsp;&nbsp;__mathlib_dbl_divzero
<LI><a href="#[115]">&gt;&gt;</a>&nbsp;&nbsp;&nbsp;atan
</UL>

<P><STRONG><a name="[10b]"></a>__ARM_scalbn</STRONG> (Thumb, 46 bytes, Stack size 16 bytes, dscalb.o(.text))
<BR><BR>[Stack]<UL><LI>Max Depth = 16<LI>Call Chain = __ARM_scalbn
</UL>
<BR>[Called By]<UL><LI><a href="#[b1]">&gt;&gt;</a>&nbsp;&nbsp;&nbsp;pow
<LI><a href="#[b0]">&gt;&gt;</a>&nbsp;&nbsp;&nbsp;log10
<LI><a href="#[119]">&gt;&gt;</a>&nbsp;&nbsp;&nbsp;log
<LI><a href="#[10f]">&gt;&gt;</a>&nbsp;&nbsp;&nbsp;__mathlib_dbl_underflow
<LI><a href="#[10e]">&gt;&gt;</a>&nbsp;&nbsp;&nbsp;__mathlib_dbl_overflow
<LI><a href="#[10a]">&gt;&gt;</a>&nbsp;&nbsp;&nbsp;__mathlib_dbl_infnan
<LI><a href="#[115]">&gt;&gt;</a>&nbsp;&nbsp;&nbsp;atan
</UL>

<P><STRONG><a name="[129]"></a>scalbn</STRONG> (Thumb, 0 bytes, Stack size 16 bytes, dscalb.o(.text), UNUSED)

<P><STRONG><a name="[4f]"></a>__aeabi_i2f</STRONG> (Thumb, 18 bytes, Stack size 0 bytes, fflti.o(.text))
<BR><BR>[Stack]<UL><LI>Max Depth = 4<LI>Call Chain = __aeabi_i2f &rArr; _float_epilogue
</UL>
<BR>[Calls]<UL><LI><a href="#[41]">&gt;&gt;</a>&nbsp;&nbsp;&nbsp;_float_epilogue
</UL>
<BR>[Called By]<UL><LI><a href="#[6b]">&gt;&gt;</a>&nbsp;&nbsp;&nbsp;AD5940_ADCCode2Volt
<LI><a href="#[c2]">&gt;&gt;</a>&nbsp;&nbsp;&nbsp;AppIMPDataProcess
</UL>

<P><STRONG><a name="[50]"></a>__aeabi_ui2f</STRONG> (Thumb, 10 bytes, Stack size 0 bytes, ffltui.o(.text))
<BR><BR>[Stack]<UL><LI>Max Depth = 4<LI>Call Chain = __aeabi_ui2f &rArr; _float_epilogue
</UL>
<BR>[Calls]<UL><LI><a href="#[41]">&gt;&gt;</a>&nbsp;&nbsp;&nbsp;_float_epilogue
</UL>
<BR>[Called By]<UL><LI><a href="#[7f]">&gt;&gt;</a>&nbsp;&nbsp;&nbsp;AD5940_ClksCalculate
<LI><a href="#[5f]">&gt;&gt;</a>&nbsp;&nbsp;&nbsp;AD5940_ADCPGACal
</UL>

<P><STRONG><a name="[51]"></a>__aeabi_l2f</STRONG> (Thumb, 44 bytes, Stack size 16 bytes, ffltl.o(.text))
<BR><BR>[Stack]<UL><LI>Max Depth = 20<LI>Call Chain = __aeabi_l2f &rArr; _float_epilogue
</UL>
<BR>[Calls]<UL><LI><a href="#[41]">&gt;&gt;</a>&nbsp;&nbsp;&nbsp;_float_epilogue
</UL>
<BR>[Called By]<UL><LI><a href="#[b3]">&gt;&gt;</a>&nbsp;&nbsp;&nbsp;AD5940_WGFreqWordCal
</UL>

<P><STRONG><a name="[52]"></a>__aeabi_i2d</STRONG> (Thumb, 34 bytes, Stack size 16 bytes, dflti.o(.text))
<BR><BR>[Stack]<UL><LI>Max Depth = 56<LI>Call Chain = __aeabi_i2d &rArr; _double_epilogue &rArr; _double_round
</UL>
<BR>[Calls]<UL><LI><a href="#[49]">&gt;&gt;</a>&nbsp;&nbsp;&nbsp;_double_epilogue
</UL>
<BR>[Called By]<UL><LI><a href="#[b1]">&gt;&gt;</a>&nbsp;&nbsp;&nbsp;pow
<LI><a href="#[b0]">&gt;&gt;</a>&nbsp;&nbsp;&nbsp;log10
<LI><a href="#[c2]">&gt;&gt;</a>&nbsp;&nbsp;&nbsp;AppIMPDataProcess
<LI><a href="#[119]">&gt;&gt;</a>&nbsp;&nbsp;&nbsp;log
</UL>

<P><STRONG><a name="[53]"></a>__aeabi_ui2d</STRONG> (Thumb, 26 bytes, Stack size 16 bytes, dfltui.o(.text))
<BR><BR>[Stack]<UL><LI>Max Depth = 56<LI>Call Chain = __aeabi_ui2d &rArr; _double_epilogue &rArr; _double_round
</UL>
<BR>[Calls]<UL><LI><a href="#[49]">&gt;&gt;</a>&nbsp;&nbsp;&nbsp;_double_epilogue
</UL>
<BR>[Called By]<UL><LI><a href="#[ae]">&gt;&gt;</a>&nbsp;&nbsp;&nbsp;AD5940_SweepNext
</UL>

<P><STRONG><a name="[76]"></a>__aeabi_f2iz</STRONG> (Thumb, 50 bytes, Stack size 0 bytes, ffixi.o(.text))
<BR><BR>[Called By]<UL><LI><a href="#[5f]">&gt;&gt;</a>&nbsp;&nbsp;&nbsp;AD5940_ADCPGACal
</UL>

<P><STRONG><a name="[81]"></a>__aeabi_f2uiz</STRONG> (Thumb, 40 bytes, Stack size 0 bytes, ffixui.o(.text))
<BR><BR>[Called By]<UL><LI><a href="#[b3]">&gt;&gt;</a>&nbsp;&nbsp;&nbsp;AD5940_WGFreqWordCal
<LI><a href="#[7f]">&gt;&gt;</a>&nbsp;&nbsp;&nbsp;AD5940_ClksCalculate
<LI><a href="#[bf]">&gt;&gt;</a>&nbsp;&nbsp;&nbsp;AppIMPCtrl
<LI><a href="#[c7]">&gt;&gt;</a>&nbsp;&nbsp;&nbsp;AppIMPSeqCfgGen
</UL>

<P><STRONG><a name="[6c]"></a>__aeabi_f2d</STRONG> (Thumb, 38 bytes, Stack size 0 bytes, f2d.o(.text))
<BR><BR>[Called By]<UL><LI><a href="#[ae]">&gt;&gt;</a>&nbsp;&nbsp;&nbsp;AD5940_SweepNext
<LI><a href="#[bb]">&gt;&gt;</a>&nbsp;&nbsp;&nbsp;ImpedanceShowResult
<LI><a href="#[5c]">&gt;&gt;</a>&nbsp;&nbsp;&nbsp;AD5940_ADC
<LI><a href="#[c2]">&gt;&gt;</a>&nbsp;&nbsp;&nbsp;AppIMPDataProcess
</UL>

<P><STRONG><a name="[54]"></a>__aeabi_d2f</STRONG> (Thumb, 56 bytes, Stack size 8 bytes, d2f.o(.text))
<BR><BR>[Stack]<UL><LI>Max Depth = 8<LI>Call Chain = __aeabi_d2f
</UL>
<BR>[Calls]<UL><LI><a href="#[42]">&gt;&gt;</a>&nbsp;&nbsp;&nbsp;_float_round
</UL>
<BR>[Called By]<UL><LI><a href="#[ae]">&gt;&gt;</a>&nbsp;&nbsp;&nbsp;AD5940_SweepNext
<LI><a href="#[c2]">&gt;&gt;</a>&nbsp;&nbsp;&nbsp;AppIMPDataProcess
</UL>

<P><STRONG><a name="[12a]"></a>__aeabi_cfcmpeq</STRONG> (Thumb, 0 bytes, Stack size 0 bytes, cfcmple.o(.text), UNUSED)

<P><STRONG><a name="[af]"></a>__aeabi_cfcmple</STRONG> (Thumb, 20 bytes, Stack size 0 bytes, cfcmple.o(.text))
<BR><BR>[Called By]<UL><LI><a href="#[ae]">&gt;&gt;</a>&nbsp;&nbsp;&nbsp;AD5940_SweepNext
</UL>

<P><STRONG><a name="[12b]"></a>__aeabi_uidiv</STRONG> (Thumb, 0 bytes, Stack size 12 bytes, uidiv.o(.text), UNUSED)

<P><STRONG><a name="[114]"></a>__aeabi_uidivmod</STRONG> (Thumb, 44 bytes, Stack size 12 bytes, uidiv.o(.text), UNUSED)
<BR><BR>[Called By]<UL><LI><a href="#[107]">&gt;&gt;</a>&nbsp;&nbsp;&nbsp;_printf_core
</UL>

<P><STRONG><a name="[55]"></a>__aeabi_uldivmod</STRONG> (Thumb, 98 bytes, Stack size 40 bytes, uldiv.o(.text), UNUSED)
<BR><BR>[Calls]<UL><LI><a href="#[56]">&gt;&gt;</a>&nbsp;&nbsp;&nbsp;__aeabi_llsr
<LI><a href="#[47]">&gt;&gt;</a>&nbsp;&nbsp;&nbsp;__aeabi_llsl
</UL>
<BR>[Called By]<UL><LI><a href="#[107]">&gt;&gt;</a>&nbsp;&nbsp;&nbsp;_printf_core
<LI><a href="#[110]">&gt;&gt;</a>&nbsp;&nbsp;&nbsp;_fp_digits
</UL>

<P><STRONG><a name="[48]"></a>__aeabi_lasr</STRONG> (Thumb, 36 bytes, Stack size 0 bytes, llsshr.o(.text))
<BR><BR>[Called By]<UL><LI><a href="#[46]">&gt;&gt;</a>&nbsp;&nbsp;&nbsp;__aeabi_dadd
</UL>

<P><STRONG><a name="[12c]"></a>_ll_sshift_r</STRONG> (Thumb, 0 bytes, Stack size 0 bytes, llsshr.o(.text), UNUSED)

<P><STRONG><a name="[12d]"></a>__I$use$fp</STRONG> (Thumb, 0 bytes, Stack size 0 bytes, iusefp.o(.text), UNUSED)

<P><STRONG><a name="[42]"></a>_float_round</STRONG> (Thumb, 18 bytes, Stack size 0 bytes, fepilogue.o(.text))
<BR><BR>[Called By]<UL><LI><a href="#[45]">&gt;&gt;</a>&nbsp;&nbsp;&nbsp;__aeabi_fdiv
<LI><a href="#[40]">&gt;&gt;</a>&nbsp;&nbsp;&nbsp;__aeabi_fadd
<LI><a href="#[54]">&gt;&gt;</a>&nbsp;&nbsp;&nbsp;__aeabi_d2f
</UL>

<P><STRONG><a name="[41]"></a>_float_epilogue</STRONG> (Thumb, 92 bytes, Stack size 4 bytes, fepilogue.o(.text))
<BR><BR>[Stack]<UL><LI>Max Depth = 4<LI>Call Chain = _float_epilogue
</UL>
<BR>[Called By]<UL><LI><a href="#[50]">&gt;&gt;</a>&nbsp;&nbsp;&nbsp;__aeabi_ui2f
<LI><a href="#[51]">&gt;&gt;</a>&nbsp;&nbsp;&nbsp;__aeabi_l2f
<LI><a href="#[4f]">&gt;&gt;</a>&nbsp;&nbsp;&nbsp;__aeabi_i2f
<LI><a href="#[40]">&gt;&gt;</a>&nbsp;&nbsp;&nbsp;__aeabi_fadd
</UL>

<P><STRONG><a name="[4a]"></a>_double_round</STRONG> (Thumb, 30 bytes, Stack size 8 bytes, depilogue.o(.text))
<BR><BR>[Stack]<UL><LI>Max Depth = 8<LI>Call Chain = _double_round
</UL>
<BR>[Called By]<UL><LI><a href="#[4e]">&gt;&gt;</a>&nbsp;&nbsp;&nbsp;__aeabi_ddiv
<LI><a href="#[46]">&gt;&gt;</a>&nbsp;&nbsp;&nbsp;__aeabi_dadd
<LI><a href="#[57]">&gt;&gt;</a>&nbsp;&nbsp;&nbsp;_dsqrt
<LI><a href="#[49]">&gt;&gt;</a>&nbsp;&nbsp;&nbsp;_double_epilogue
</UL>

<P><STRONG><a name="[49]"></a>_double_epilogue</STRONG> (Thumb, 156 bytes, Stack size 32 bytes, depilogue.o(.text))
<BR><BR>[Stack]<UL><LI>Max Depth = 40<LI>Call Chain = _double_epilogue &rArr; _double_round
</UL>
<BR>[Calls]<UL><LI><a href="#[56]">&gt;&gt;</a>&nbsp;&nbsp;&nbsp;__aeabi_llsr
<LI><a href="#[47]">&gt;&gt;</a>&nbsp;&nbsp;&nbsp;__aeabi_llsl
<LI><a href="#[4a]">&gt;&gt;</a>&nbsp;&nbsp;&nbsp;_double_round
</UL>
<BR>[Called By]<UL><LI><a href="#[53]">&gt;&gt;</a>&nbsp;&nbsp;&nbsp;__aeabi_ui2d
<LI><a href="#[4d]">&gt;&gt;</a>&nbsp;&nbsp;&nbsp;__aeabi_dmul
<LI><a href="#[46]">&gt;&gt;</a>&nbsp;&nbsp;&nbsp;__aeabi_dadd
<LI><a href="#[52]">&gt;&gt;</a>&nbsp;&nbsp;&nbsp;__aeabi_i2d
</UL>

<P><STRONG><a name="[57]"></a>_dsqrt</STRONG> (Thumb, 162 bytes, Stack size 32 bytes, dsqrt.o(.text))
<BR><BR>[Stack]<UL><LI>Max Depth = 40<LI>Call Chain = _dsqrt &rArr; _double_round
</UL>
<BR>[Calls]<UL><LI><a href="#[56]">&gt;&gt;</a>&nbsp;&nbsp;&nbsp;__aeabi_llsr
<LI><a href="#[4a]">&gt;&gt;</a>&nbsp;&nbsp;&nbsp;_double_round
</UL>
<BR>[Called By]<UL><LI><a href="#[c3]">&gt;&gt;</a>&nbsp;&nbsp;&nbsp;sqrt
</UL>

<P><STRONG><a name="[58]"></a>__aeabi_d2ulz</STRONG> (Thumb, 48 bytes, Stack size 0 bytes, dfixul.o(.text), UNUSED)
<BR><BR>[Calls]<UL><LI><a href="#[56]">&gt;&gt;</a>&nbsp;&nbsp;&nbsp;__aeabi_llsr
<LI><a href="#[47]">&gt;&gt;</a>&nbsp;&nbsp;&nbsp;__aeabi_llsl
</UL>
<BR>[Called By]<UL><LI><a href="#[110]">&gt;&gt;</a>&nbsp;&nbsp;&nbsp;_fp_digits
</UL>

<P><STRONG><a name="[117]"></a>__aeabi_cdcmpeq</STRONG> (Thumb, 0 bytes, Stack size 0 bytes, cdcmple.o(.text))
<BR><BR>[Called By]<UL><LI><a href="#[c4]">&gt;&gt;</a>&nbsp;&nbsp;&nbsp;atan2
<LI><a href="#[119]">&gt;&gt;</a>&nbsp;&nbsp;&nbsp;log
</UL>

<P><STRONG><a name="[12e]"></a>__aeabi_cdcmple</STRONG> (Thumb, 48 bytes, Stack size 0 bytes, cdcmple.o(.text), UNUSED)

<P><STRONG><a name="[111]"></a>__aeabi_cdrcmple</STRONG> (Thumb, 48 bytes, Stack size 0 bytes, cdrcmple.o(.text))
<BR><BR>[Called By]<UL><LI><a href="#[110]">&gt;&gt;</a>&nbsp;&nbsp;&nbsp;_fp_digits
<LI><a href="#[b1]">&gt;&gt;</a>&nbsp;&nbsp;&nbsp;pow
</UL>

<P><STRONG><a name="[3c]"></a>__scatterload</STRONG> (Thumb, 28 bytes, Stack size 0 bytes, init.o(.text))
<BR><BR>[Calls]<UL><LI><a href="#[59]">&gt;&gt;</a>&nbsp;&nbsp;&nbsp;__main_after_scatterload
</UL>
<BR>[Called By]<UL><LI><a href="#[3b]">&gt;&gt;</a>&nbsp;&nbsp;&nbsp;_main_scatterload
</UL>

<P><STRONG><a name="[12f]"></a>__scatterload_rt2</STRONG> (Thumb, 0 bytes, Stack size 0 bytes, init.o(.text), UNUSED)

<P><STRONG><a name="[5a]"></a>AD5940ImpedanceStructInit</STRONG> (Thumb, 86 bytes, Stack size 8 bytes, ad5940function.o(i.AD5940ImpedanceStructInit))
<BR><BR>[Stack]<UL><LI>Max Depth = 8<LI>Call Chain = AD5940ImpedanceStructInit
</UL>
<BR>[Calls]<UL><LI><a href="#[5b]">&gt;&gt;</a>&nbsp;&nbsp;&nbsp;AppIMPGetCfg
</UL>
<BR>[Called By]<UL><LI><a href="#[bc]">&gt;&gt;</a>&nbsp;&nbsp;&nbsp;AD5940_impedance_init
</UL>

<P><STRONG><a name="[5c]"></a>AD5940_ADC</STRONG> (Thumb, 236 bytes, Stack size 80 bytes, ad5940function.o(i.AD5940_ADC))
<BR><BR>[Stack]<UL><LI>Max Depth = 472<LI>Call Chain = AD5940_ADC &rArr; AD5940_ADCPGACal &rArr; AD5940_HSLoopCfgS &rArr; AD5940_HSTIACfgS &rArr; __AD5940_SetDExRTIA &rArr; AD5940_WriteReg &rArr; AD5940_ReadWrite8B &rArr; AD5940_ReadWriteNBytes &rArr; HAL_SPI_TransmitReceive &rArr; SPI_EndRxTxTransaction &rArr; SPI_WaitFlagStateUntilTimeout
</UL>
<BR>[Calls]<UL><LI><a href="#[6c]">&gt;&gt;</a>&nbsp;&nbsp;&nbsp;__aeabi_f2d
<LI><a href="#[46]">&gt;&gt;</a>&nbsp;&nbsp;&nbsp;__aeabi_dadd
<LI><a href="#[6a]">&gt;&gt;</a>&nbsp;&nbsp;&nbsp;AD5940_ReadAfeResult
<LI><a href="#[5e]">&gt;&gt;</a>&nbsp;&nbsp;&nbsp;AD5940_Initialize
<LI><a href="#[68]">&gt;&gt;</a>&nbsp;&nbsp;&nbsp;AD5940_INTCTestFlag
<LI><a href="#[69]">&gt;&gt;</a>&nbsp;&nbsp;&nbsp;AD5940_INTCClrFlag
<LI><a href="#[65]">&gt;&gt;</a>&nbsp;&nbsp;&nbsp;AD5940_INTCCfg
<LI><a href="#[5d]">&gt;&gt;</a>&nbsp;&nbsp;&nbsp;AD5940_HWReset
<LI><a href="#[61]">&gt;&gt;</a>&nbsp;&nbsp;&nbsp;AD5940_AFEPwrBW
<LI><a href="#[62]">&gt;&gt;</a>&nbsp;&nbsp;&nbsp;AD5940_AFECtrlS
<LI><a href="#[66]">&gt;&gt;</a>&nbsp;&nbsp;&nbsp;AD5940_ADCPowerCtrlS
<LI><a href="#[5f]">&gt;&gt;</a>&nbsp;&nbsp;&nbsp;AD5940_ADCPGACal
<LI><a href="#[64]">&gt;&gt;</a>&nbsp;&nbsp;&nbsp;AD5940_ADCFilterCfgS
<LI><a href="#[67]">&gt;&gt;</a>&nbsp;&nbsp;&nbsp;AD5940_ADCConvtCtrlS
<LI><a href="#[6b]">&gt;&gt;</a>&nbsp;&nbsp;&nbsp;AD5940_ADCCode2Volt
<LI><a href="#[63]">&gt;&gt;</a>&nbsp;&nbsp;&nbsp;AD5940_ADCBaseCfgS
<LI><a href="#[60]">&gt;&gt;</a>&nbsp;&nbsp;&nbsp;__2printf
</UL>
<BR>[Called By]<UL><LI><a href="#[35]">&gt;&gt;</a>&nbsp;&nbsp;&nbsp;main
</UL>

<P><STRONG><a name="[63]"></a>AD5940_ADCBaseCfgS</STRONG> (Thumb, 22 bytes, Stack size 0 bytes, ad5940.o(i.AD5940_ADCBaseCfgS))
<BR><BR>[Stack]<UL><LI>Max Depth = 144<LI>Call Chain = AD5940_ADCBaseCfgS &rArr; AD5940_WriteReg &rArr; AD5940_ReadWrite8B &rArr; AD5940_ReadWriteNBytes &rArr; HAL_SPI_TransmitReceive &rArr; SPI_EndRxTxTransaction &rArr; SPI_WaitFlagStateUntilTimeout
</UL>
<BR>[Calls]<UL><LI><a href="#[6d]">&gt;&gt;</a>&nbsp;&nbsp;&nbsp;AD5940_WriteReg
</UL>
<BR>[Called By]<UL><LI><a href="#[88]">&gt;&gt;</a>&nbsp;&nbsp;&nbsp;AD5940_DSPCfgS
<LI><a href="#[5f]">&gt;&gt;</a>&nbsp;&nbsp;&nbsp;AD5940_ADCPGACal
<LI><a href="#[5c]">&gt;&gt;</a>&nbsp;&nbsp;&nbsp;AD5940_ADC
</UL>

<P><STRONG><a name="[6b]"></a>AD5940_ADCCode2Volt</STRONG> (Thumb, 82 bytes, Stack size 16 bytes, ad5940.o(i.AD5940_ADCCode2Volt))
<BR><BR>[Stack]<UL><LI>Max Depth = 24<LI>Call Chain = AD5940_ADCCode2Volt &rArr; __aeabi_fmul
</UL>
<BR>[Calls]<UL><LI><a href="#[4f]">&gt;&gt;</a>&nbsp;&nbsp;&nbsp;__aeabi_i2f
<LI><a href="#[6f]">&gt;&gt;</a>&nbsp;&nbsp;&nbsp;__aeabi_fmul
<LI><a href="#[45]">&gt;&gt;</a>&nbsp;&nbsp;&nbsp;__aeabi_fdiv
<LI><a href="#[6e]">&gt;&gt;</a>&nbsp;&nbsp;&nbsp;__ARM_scalbnf
</UL>
<BR>[Called By]<UL><LI><a href="#[5c]">&gt;&gt;</a>&nbsp;&nbsp;&nbsp;AD5940_ADC
</UL>

<P><STRONG><a name="[67]"></a>AD5940_ADCConvtCtrlS</STRONG> (Thumb, 38 bytes, Stack size 16 bytes, ad5940.o(i.AD5940_ADCConvtCtrlS))
<BR><BR>[Stack]<UL><LI>Max Depth = 168<LI>Call Chain = AD5940_ADCConvtCtrlS &rArr; AD5940_ReadReg &rArr; AD5940_SPIReadReg &rArr; AD5940_ReadWrite8B &rArr; AD5940_ReadWriteNBytes &rArr; HAL_SPI_TransmitReceive &rArr; SPI_EndRxTxTransaction &rArr; SPI_WaitFlagStateUntilTimeout
</UL>
<BR>[Calls]<UL><LI><a href="#[6d]">&gt;&gt;</a>&nbsp;&nbsp;&nbsp;AD5940_WriteReg
<LI><a href="#[70]">&gt;&gt;</a>&nbsp;&nbsp;&nbsp;AD5940_ReadReg
</UL>
<BR>[Called By]<UL><LI><a href="#[5f]">&gt;&gt;</a>&nbsp;&nbsp;&nbsp;AD5940_ADCPGACal
<LI><a href="#[5c]">&gt;&gt;</a>&nbsp;&nbsp;&nbsp;AD5940_ADC
</UL>

<P><STRONG><a name="[71]"></a>AD5940_ADCDigCompCfgS</STRONG> (Thumb, 48 bytes, Stack size 8 bytes, ad5940.o(i.AD5940_ADCDigCompCfgS))
<BR><BR>[Stack]<UL><LI>Max Depth = 152<LI>Call Chain = AD5940_ADCDigCompCfgS &rArr; AD5940_WriteReg &rArr; AD5940_ReadWrite8B &rArr; AD5940_ReadWriteNBytes &rArr; HAL_SPI_TransmitReceive &rArr; SPI_EndRxTxTransaction &rArr; SPI_WaitFlagStateUntilTimeout
</UL>
<BR>[Calls]<UL><LI><a href="#[6d]">&gt;&gt;</a>&nbsp;&nbsp;&nbsp;AD5940_WriteReg
</UL>
<BR>[Called By]<UL><LI><a href="#[88]">&gt;&gt;</a>&nbsp;&nbsp;&nbsp;AD5940_DSPCfgS
</UL>

<P><STRONG><a name="[64]"></a>AD5940_ADCFilterCfgS</STRONG> (Thumb, 86 bytes, Stack size 16 bytes, ad5940.o(i.AD5940_ADCFilterCfgS))
<BR><BR>[Stack]<UL><LI>Max Depth = 184<LI>Call Chain = AD5940_ADCFilterCfgS &rArr; AD5940_AFECtrlS &rArr; AD5940_ReadReg &rArr; AD5940_SPIReadReg &rArr; AD5940_ReadWrite8B &rArr; AD5940_ReadWriteNBytes &rArr; HAL_SPI_TransmitReceive &rArr; SPI_EndRxTxTransaction &rArr; SPI_WaitFlagStateUntilTimeout
</UL>
<BR>[Calls]<UL><LI><a href="#[6d]">&gt;&gt;</a>&nbsp;&nbsp;&nbsp;AD5940_WriteReg
<LI><a href="#[70]">&gt;&gt;</a>&nbsp;&nbsp;&nbsp;AD5940_ReadReg
<LI><a href="#[62]">&gt;&gt;</a>&nbsp;&nbsp;&nbsp;AD5940_AFECtrlS
</UL>
<BR>[Called By]<UL><LI><a href="#[88]">&gt;&gt;</a>&nbsp;&nbsp;&nbsp;AD5940_DSPCfgS
<LI><a href="#[5f]">&gt;&gt;</a>&nbsp;&nbsp;&nbsp;AD5940_ADCPGACal
<LI><a href="#[5c]">&gt;&gt;</a>&nbsp;&nbsp;&nbsp;AD5940_ADC
</UL>

<P><STRONG><a name="[5f]"></a>AD5940_ADCPGACal</STRONG> (Thumb, 634 bytes, Stack size 200 bytes, ad5940.o(i.AD5940_ADCPGACal))
<BR><BR>[Stack]<UL><LI>Max Depth = 392<LI>Call Chain = AD5940_ADCPGACal &rArr; AD5940_HSLoopCfgS &rArr; AD5940_HSTIACfgS &rArr; __AD5940_SetDExRTIA &rArr; AD5940_WriteReg &rArr; AD5940_ReadWrite8B &rArr; AD5940_ReadWriteNBytes &rArr; HAL_SPI_TransmitReceive &rArr; SPI_EndRxTxTransaction &rArr; SPI_WaitFlagStateUntilTimeout
</UL>
<BR>[Calls]<UL><LI><a href="#[50]">&gt;&gt;</a>&nbsp;&nbsp;&nbsp;__aeabi_ui2f
<LI><a href="#[43]">&gt;&gt;</a>&nbsp;&nbsp;&nbsp;__aeabi_fsub
<LI><a href="#[6f]">&gt;&gt;</a>&nbsp;&nbsp;&nbsp;__aeabi_fmul
<LI><a href="#[45]">&gt;&gt;</a>&nbsp;&nbsp;&nbsp;__aeabi_fdiv
<LI><a href="#[76]">&gt;&gt;</a>&nbsp;&nbsp;&nbsp;__aeabi_f2iz
<LI><a href="#[6e]">&gt;&gt;</a>&nbsp;&nbsp;&nbsp;__ARM_scalbnf
<LI><a href="#[73]">&gt;&gt;</a>&nbsp;&nbsp;&nbsp;AD5940_Delay10us
<LI><a href="#[6d]">&gt;&gt;</a>&nbsp;&nbsp;&nbsp;AD5940_WriteReg
<LI><a href="#[70]">&gt;&gt;</a>&nbsp;&nbsp;&nbsp;AD5940_ReadReg
<LI><a href="#[74]">&gt;&gt;</a>&nbsp;&nbsp;&nbsp;AD5940_INTCGetCfg
<LI><a href="#[65]">&gt;&gt;</a>&nbsp;&nbsp;&nbsp;AD5940_INTCCfg
<LI><a href="#[77]">&gt;&gt;</a>&nbsp;&nbsp;&nbsp;AD5940_HSLoopCfgS
<LI><a href="#[62]">&gt;&gt;</a>&nbsp;&nbsp;&nbsp;AD5940_AFECtrlS
<LI><a href="#[64]">&gt;&gt;</a>&nbsp;&nbsp;&nbsp;AD5940_ADCFilterCfgS
<LI><a href="#[67]">&gt;&gt;</a>&nbsp;&nbsp;&nbsp;AD5940_ADCConvtCtrlS
<LI><a href="#[63]">&gt;&gt;</a>&nbsp;&nbsp;&nbsp;AD5940_ADCBaseCfgS
<LI><a href="#[75]">&gt;&gt;</a>&nbsp;&nbsp;&nbsp;__AD5940_TakeMeasurement
<LI><a href="#[72]">&gt;&gt;</a>&nbsp;&nbsp;&nbsp;__AD5940_ReferenceON
</UL>
<BR>[Called By]<UL><LI><a href="#[5c]">&gt;&gt;</a>&nbsp;&nbsp;&nbsp;AD5940_ADC
</UL>

<P><STRONG><a name="[66]"></a>AD5940_ADCPowerCtrlS</STRONG> (Thumb, 38 bytes, Stack size 16 bytes, ad5940.o(i.AD5940_ADCPowerCtrlS))
<BR><BR>[Stack]<UL><LI>Max Depth = 168<LI>Call Chain = AD5940_ADCPowerCtrlS &rArr; AD5940_ReadReg &rArr; AD5940_SPIReadReg &rArr; AD5940_ReadWrite8B &rArr; AD5940_ReadWriteNBytes &rArr; HAL_SPI_TransmitReceive &rArr; SPI_EndRxTxTransaction &rArr; SPI_WaitFlagStateUntilTimeout
</UL>
<BR>[Calls]<UL><LI><a href="#[6d]">&gt;&gt;</a>&nbsp;&nbsp;&nbsp;AD5940_WriteReg
<LI><a href="#[70]">&gt;&gt;</a>&nbsp;&nbsp;&nbsp;AD5940_ReadReg
</UL>
<BR>[Called By]<UL><LI><a href="#[5c]">&gt;&gt;</a>&nbsp;&nbsp;&nbsp;AD5940_ADC
</UL>

<P><STRONG><a name="[62]"></a>AD5940_AFECtrlS</STRONG> (Thumb, 90 bytes, Stack size 16 bytes, ad5940.o(i.AD5940_AFECtrlS))
<BR><BR>[Stack]<UL><LI>Max Depth = 168<LI>Call Chain = AD5940_AFECtrlS &rArr; AD5940_ReadReg &rArr; AD5940_SPIReadReg &rArr; AD5940_ReadWrite8B &rArr; AD5940_ReadWriteNBytes &rArr; HAL_SPI_TransmitReceive &rArr; SPI_EndRxTxTransaction &rArr; SPI_WaitFlagStateUntilTimeout
</UL>
<BR>[Calls]<UL><LI><a href="#[6d]">&gt;&gt;</a>&nbsp;&nbsp;&nbsp;AD5940_WriteReg
<LI><a href="#[70]">&gt;&gt;</a>&nbsp;&nbsp;&nbsp;AD5940_ReadReg
</UL>
<BR>[Called By]<UL><LI><a href="#[5f]">&gt;&gt;</a>&nbsp;&nbsp;&nbsp;AD5940_ADCPGACal
<LI><a href="#[64]">&gt;&gt;</a>&nbsp;&nbsp;&nbsp;AD5940_ADCFilterCfgS
<LI><a href="#[75]">&gt;&gt;</a>&nbsp;&nbsp;&nbsp;__AD5940_TakeMeasurement
<LI><a href="#[5c]">&gt;&gt;</a>&nbsp;&nbsp;&nbsp;AD5940_ADC
<LI><a href="#[c8]">&gt;&gt;</a>&nbsp;&nbsp;&nbsp;AppIMPSeqMeasureGen
<LI><a href="#[c7]">&gt;&gt;</a>&nbsp;&nbsp;&nbsp;AppIMPSeqCfgGen
</UL>

<P><STRONG><a name="[61]"></a>AD5940_AFEPwrBW</STRONG> (Thumb, 12 bytes, Stack size 0 bytes, ad5940.o(i.AD5940_AFEPwrBW))
<BR><BR>[Stack]<UL><LI>Max Depth = 144<LI>Call Chain = AD5940_AFEPwrBW &rArr; AD5940_WriteReg &rArr; AD5940_ReadWrite8B &rArr; AD5940_ReadWriteNBytes &rArr; HAL_SPI_TransmitReceive &rArr; SPI_EndRxTxTransaction &rArr; SPI_WaitFlagStateUntilTimeout
</UL>
<BR>[Calls]<UL><LI><a href="#[6d]">&gt;&gt;</a>&nbsp;&nbsp;&nbsp;AD5940_WriteReg
</UL>
<BR>[Called By]<UL><LI><a href="#[be]">&gt;&gt;</a>&nbsp;&nbsp;&nbsp;AppIMPInit
<LI><a href="#[5c]">&gt;&gt;</a>&nbsp;&nbsp;&nbsp;AD5940_ADC
</UL>

<P><STRONG><a name="[78]"></a>AD5940_AGPIOCfg</STRONG> (Thumb, 40 bytes, Stack size 8 bytes, ad5940.o(i.AD5940_AGPIOCfg))
<BR><BR>[Stack]<UL><LI>Max Depth = 152<LI>Call Chain = AD5940_AGPIOCfg &rArr; AD5940_WriteReg &rArr; AD5940_ReadWrite8B &rArr; AD5940_ReadWriteNBytes &rArr; HAL_SPI_TransmitReceive &rArr; SPI_EndRxTxTransaction &rArr; SPI_WaitFlagStateUntilTimeout
</UL>
<BR>[Calls]<UL><LI><a href="#[6d]">&gt;&gt;</a>&nbsp;&nbsp;&nbsp;AD5940_WriteReg
<LI><a href="#[7c]">&gt;&gt;</a>&nbsp;&nbsp;&nbsp;AD5940_AGPIOPen
<LI><a href="#[7a]">&gt;&gt;</a>&nbsp;&nbsp;&nbsp;AD5940_AGPIOOen
<LI><a href="#[7b]">&gt;&gt;</a>&nbsp;&nbsp;&nbsp;AD5940_AGPIOIen
<LI><a href="#[79]">&gt;&gt;</a>&nbsp;&nbsp;&nbsp;AD5940_AGPIOFuncCfg
</UL>
<BR>[Called By]<UL><LI><a href="#[bd]">&gt;&gt;</a>&nbsp;&nbsp;&nbsp;AD5940_impedance_sys
</UL>

<P><STRONG><a name="[79]"></a>AD5940_AGPIOFuncCfg</STRONG> (Thumb, 8 bytes, Stack size 0 bytes, ad5940.o(i.AD5940_AGPIOFuncCfg))
<BR><BR>[Stack]<UL><LI>Max Depth = 144<LI>Call Chain = AD5940_AGPIOFuncCfg &rArr; AD5940_WriteReg &rArr; AD5940_ReadWrite8B &rArr; AD5940_ReadWriteNBytes &rArr; HAL_SPI_TransmitReceive &rArr; SPI_EndRxTxTransaction &rArr; SPI_WaitFlagStateUntilTimeout
</UL>
<BR>[Calls]<UL><LI><a href="#[6d]">&gt;&gt;</a>&nbsp;&nbsp;&nbsp;AD5940_WriteReg
</UL>
<BR>[Called By]<UL><LI><a href="#[78]">&gt;&gt;</a>&nbsp;&nbsp;&nbsp;AD5940_AGPIOCfg
</UL>

<P><STRONG><a name="[7b]"></a>AD5940_AGPIOIen</STRONG> (Thumb, 8 bytes, Stack size 0 bytes, ad5940.o(i.AD5940_AGPIOIen))
<BR><BR>[Stack]<UL><LI>Max Depth = 144<LI>Call Chain = AD5940_AGPIOIen &rArr; AD5940_WriteReg &rArr; AD5940_ReadWrite8B &rArr; AD5940_ReadWriteNBytes &rArr; HAL_SPI_TransmitReceive &rArr; SPI_EndRxTxTransaction &rArr; SPI_WaitFlagStateUntilTimeout
</UL>
<BR>[Calls]<UL><LI><a href="#[6d]">&gt;&gt;</a>&nbsp;&nbsp;&nbsp;AD5940_WriteReg
</UL>
<BR>[Called By]<UL><LI><a href="#[78]">&gt;&gt;</a>&nbsp;&nbsp;&nbsp;AD5940_AGPIOCfg
</UL>

<P><STRONG><a name="[7a]"></a>AD5940_AGPIOOen</STRONG> (Thumb, 8 bytes, Stack size 0 bytes, ad5940.o(i.AD5940_AGPIOOen))
<BR><BR>[Stack]<UL><LI>Max Depth = 144<LI>Call Chain = AD5940_AGPIOOen &rArr; AD5940_WriteReg &rArr; AD5940_ReadWrite8B &rArr; AD5940_ReadWriteNBytes &rArr; HAL_SPI_TransmitReceive &rArr; SPI_EndRxTxTransaction &rArr; SPI_WaitFlagStateUntilTimeout
</UL>
<BR>[Calls]<UL><LI><a href="#[6d]">&gt;&gt;</a>&nbsp;&nbsp;&nbsp;AD5940_WriteReg
</UL>
<BR>[Called By]<UL><LI><a href="#[78]">&gt;&gt;</a>&nbsp;&nbsp;&nbsp;AD5940_AGPIOCfg
</UL>

<P><STRONG><a name="[7c]"></a>AD5940_AGPIOPen</STRONG> (Thumb, 8 bytes, Stack size 0 bytes, ad5940.o(i.AD5940_AGPIOPen))
<BR><BR>[Stack]<UL><LI>Max Depth = 144<LI>Call Chain = AD5940_AGPIOPen &rArr; AD5940_WriteReg &rArr; AD5940_ReadWrite8B &rArr; AD5940_ReadWriteNBytes &rArr; HAL_SPI_TransmitReceive &rArr; SPI_EndRxTxTransaction &rArr; SPI_WaitFlagStateUntilTimeout
</UL>
<BR>[Calls]<UL><LI><a href="#[6d]">&gt;&gt;</a>&nbsp;&nbsp;&nbsp;AD5940_WriteReg
</UL>
<BR>[Called By]<UL><LI><a href="#[78]">&gt;&gt;</a>&nbsp;&nbsp;&nbsp;AD5940_AGPIOCfg
</UL>

<P><STRONG><a name="[7d]"></a>AD5940_CLKCfg</STRONG> (Thumb, 236 bytes, Stack size 24 bytes, ad5940.o(i.AD5940_CLKCfg))
<BR><BR>[Stack]<UL><LI>Max Depth = 200<LI>Call Chain = AD5940_CLKCfg &rArr; AD5940_HFOSC32MHzCtrl &rArr; AD5940_ReadReg &rArr; AD5940_SPIReadReg &rArr; AD5940_ReadWrite8B &rArr; AD5940_ReadWriteNBytes &rArr; HAL_SPI_TransmitReceive &rArr; SPI_EndRxTxTransaction &rArr; SPI_WaitFlagStateUntilTimeout
</UL>
<BR>[Calls]<UL><LI><a href="#[73]">&gt;&gt;</a>&nbsp;&nbsp;&nbsp;AD5940_Delay10us
<LI><a href="#[6d]">&gt;&gt;</a>&nbsp;&nbsp;&nbsp;AD5940_WriteReg
<LI><a href="#[70]">&gt;&gt;</a>&nbsp;&nbsp;&nbsp;AD5940_ReadReg
<LI><a href="#[7e]">&gt;&gt;</a>&nbsp;&nbsp;&nbsp;AD5940_HFOSC32MHzCtrl
</UL>
<BR>[Called By]<UL><LI><a href="#[bd]">&gt;&gt;</a>&nbsp;&nbsp;&nbsp;AD5940_impedance_sys
</UL>

<P><STRONG><a name="[7f]"></a>AD5940_ClksCalculate</STRONG> (Thumb, 352 bytes, Stack size 136 bytes, ad5940.o(i.AD5940_ClksCalculate))
<BR><BR>[Stack]<UL><LI>Max Depth = 180 + In Cycle
<LI>Call Chain = AD5940_ClksCalculate &rArr;  AD5940_ClksCalculate (Cycle)
</UL>
<BR>[Calls]<UL><LI><a href="#[50]">&gt;&gt;</a>&nbsp;&nbsp;&nbsp;__aeabi_ui2f
<LI><a href="#[6f]">&gt;&gt;</a>&nbsp;&nbsp;&nbsp;__aeabi_fmul
<LI><a href="#[40]">&gt;&gt;</a>&nbsp;&nbsp;&nbsp;__aeabi_fadd
<LI><a href="#[81]">&gt;&gt;</a>&nbsp;&nbsp;&nbsp;__aeabi_f2uiz
<LI><a href="#[83]">&gt;&gt;</a>&nbsp;&nbsp;&nbsp;AD5940_Notch60HzAvailable
<LI><a href="#[82]">&gt;&gt;</a>&nbsp;&nbsp;&nbsp;AD5940_Notch50HzAvailable
<LI><a href="#[7f]">&gt;&gt;</a>&nbsp;&nbsp;&nbsp;AD5940_ClksCalculate
<LI><a href="#[80]">&gt;&gt;</a>&nbsp;&nbsp;&nbsp;__aeabi_memcpy4
</UL>
<BR>[Called By]<UL><LI><a href="#[7f]">&gt;&gt;</a>&nbsp;&nbsp;&nbsp;AD5940_ClksCalculate
<LI><a href="#[c8]">&gt;&gt;</a>&nbsp;&nbsp;&nbsp;AppIMPSeqMeasureGen
</UL>

<P><STRONG><a name="[b9]"></a>AD5940_ClrMCUIntFlag</STRONG> (Thumb, 10 bytes, Stack size 0 bytes, portf103cn0510.o(i.AD5940_ClrMCUIntFlag))
<BR><BR>[Called By]<UL><LI><a href="#[be]">&gt;&gt;</a>&nbsp;&nbsp;&nbsp;AppIMPInit
<LI><a href="#[b7]">&gt;&gt;</a>&nbsp;&nbsp;&nbsp;AD5940_impedance
</UL>

<P><STRONG><a name="[84]"></a>AD5940_CsClr</STRONG> (Thumb, 10 bytes, Stack size 0 bytes, portf103cn0510.o(i.AD5940_CsClr))
<BR><BR>[Calls]<UL><LI><a href="#[85]">&gt;&gt;</a>&nbsp;&nbsp;&nbsp;HAL_GPIO_WritePin
</UL>
<BR>[Called By]<UL><LI><a href="#[6d]">&gt;&gt;</a>&nbsp;&nbsp;&nbsp;AD5940_WriteReg
<LI><a href="#[8f]">&gt;&gt;</a>&nbsp;&nbsp;&nbsp;AD5940_FIFORd
<LI><a href="#[a1]">&gt;&gt;</a>&nbsp;&nbsp;&nbsp;AD5940_SPIReadReg
</UL>

<P><STRONG><a name="[86]"></a>AD5940_CsSet</STRONG> (Thumb, 10 bytes, Stack size 0 bytes, portf103cn0510.o(i.AD5940_CsSet))
<BR><BR>[Calls]<UL><LI><a href="#[85]">&gt;&gt;</a>&nbsp;&nbsp;&nbsp;HAL_GPIO_WritePin
</UL>
<BR>[Called By]<UL><LI><a href="#[6d]">&gt;&gt;</a>&nbsp;&nbsp;&nbsp;AD5940_WriteReg
<LI><a href="#[5e]">&gt;&gt;</a>&nbsp;&nbsp;&nbsp;AD5940_Initialize
<LI><a href="#[8f]">&gt;&gt;</a>&nbsp;&nbsp;&nbsp;AD5940_FIFORd
<LI><a href="#[a1]">&gt;&gt;</a>&nbsp;&nbsp;&nbsp;AD5940_SPIReadReg
<LI><a href="#[35]">&gt;&gt;</a>&nbsp;&nbsp;&nbsp;main
</UL>

<P><STRONG><a name="[87]"></a>AD5940_DFTCfgS</STRONG> (Thumb, 80 bytes, Stack size 16 bytes, ad5940.o(i.AD5940_DFTCfgS))
<BR><BR>[Stack]<UL><LI>Max Depth = 168<LI>Call Chain = AD5940_DFTCfgS &rArr; AD5940_ReadReg &rArr; AD5940_SPIReadReg &rArr; AD5940_ReadWrite8B &rArr; AD5940_ReadWriteNBytes &rArr; HAL_SPI_TransmitReceive &rArr; SPI_EndRxTxTransaction &rArr; SPI_WaitFlagStateUntilTimeout
</UL>
<BR>[Calls]<UL><LI><a href="#[6d]">&gt;&gt;</a>&nbsp;&nbsp;&nbsp;AD5940_WriteReg
<LI><a href="#[70]">&gt;&gt;</a>&nbsp;&nbsp;&nbsp;AD5940_ReadReg
</UL>
<BR>[Called By]<UL><LI><a href="#[88]">&gt;&gt;</a>&nbsp;&nbsp;&nbsp;AD5940_DSPCfgS
</UL>

<P><STRONG><a name="[88]"></a>AD5940_DSPCfgS</STRONG> (Thumb, 44 bytes, Stack size 8 bytes, ad5940.o(i.AD5940_DSPCfgS))
<BR><BR>[Stack]<UL><LI>Max Depth = 192<LI>Call Chain = AD5940_DSPCfgS &rArr; AD5940_ADCFilterCfgS &rArr; AD5940_AFECtrlS &rArr; AD5940_ReadReg &rArr; AD5940_SPIReadReg &rArr; AD5940_ReadWrite8B &rArr; AD5940_ReadWriteNBytes &rArr; HAL_SPI_TransmitReceive &rArr; SPI_EndRxTxTransaction &rArr; SPI_WaitFlagStateUntilTimeout
</UL>
<BR>[Calls]<UL><LI><a href="#[89]">&gt;&gt;</a>&nbsp;&nbsp;&nbsp;AD5940_StatisticCfgS
<LI><a href="#[87]">&gt;&gt;</a>&nbsp;&nbsp;&nbsp;AD5940_DFTCfgS
<LI><a href="#[64]">&gt;&gt;</a>&nbsp;&nbsp;&nbsp;AD5940_ADCFilterCfgS
<LI><a href="#[71]">&gt;&gt;</a>&nbsp;&nbsp;&nbsp;AD5940_ADCDigCompCfgS
<LI><a href="#[63]">&gt;&gt;</a>&nbsp;&nbsp;&nbsp;AD5940_ADCBaseCfgS
</UL>
<BR>[Called By]<UL><LI><a href="#[c7]">&gt;&gt;</a>&nbsp;&nbsp;&nbsp;AppIMPSeqCfgGen
</UL>

<P><STRONG><a name="[73]"></a>AD5940_Delay10us</STRONG> (Thumb, 6 bytes, Stack size 0 bytes, portf103cn0510.o(i.AD5940_Delay10us))
<BR><BR>[Calls]<UL><LI><a href="#[8a]">&gt;&gt;</a>&nbsp;&nbsp;&nbsp;delay_us
</UL>
<BR>[Called By]<UL><LI><a href="#[5d]">&gt;&gt;</a>&nbsp;&nbsp;&nbsp;AD5940_HWReset
<LI><a href="#[7d]">&gt;&gt;</a>&nbsp;&nbsp;&nbsp;AD5940_CLKCfg
<LI><a href="#[5f]">&gt;&gt;</a>&nbsp;&nbsp;&nbsp;AD5940_ADCPGACal
<LI><a href="#[75]">&gt;&gt;</a>&nbsp;&nbsp;&nbsp;__AD5940_TakeMeasurement
</UL>

<P><STRONG><a name="[8b]"></a>AD5940_EnterSleepS</STRONG> (Thumb, 26 bytes, Stack size 8 bytes, ad5940.o(i.AD5940_EnterSleepS))
<BR><BR>[Stack]<UL><LI>Max Depth = 152<LI>Call Chain = AD5940_EnterSleepS &rArr; AD5940_WriteReg &rArr; AD5940_ReadWrite8B &rArr; AD5940_ReadWriteNBytes &rArr; HAL_SPI_TransmitReceive &rArr; SPI_EndRxTxTransaction &rArr; SPI_WaitFlagStateUntilTimeout
</UL>
<BR>[Calls]<UL><LI><a href="#[6d]">&gt;&gt;</a>&nbsp;&nbsp;&nbsp;AD5940_WriteReg
</UL>
<BR>[Called By]<UL><LI><a href="#[bf]">&gt;&gt;</a>&nbsp;&nbsp;&nbsp;AppIMPCtrl
<LI><a href="#[c8]">&gt;&gt;</a>&nbsp;&nbsp;&nbsp;AppIMPSeqMeasureGen
</UL>

<P><STRONG><a name="[8c]"></a>AD5940_FIFOCfg</STRONG> (Thumb, 86 bytes, Stack size 16 bytes, ad5940.o(i.AD5940_FIFOCfg))
<BR><BR>[Stack]<UL><LI>Max Depth = 168<LI>Call Chain = AD5940_FIFOCfg &rArr; AD5940_ReadReg &rArr; AD5940_SPIReadReg &rArr; AD5940_ReadWrite8B &rArr; AD5940_ReadWriteNBytes &rArr; HAL_SPI_TransmitReceive &rArr; SPI_EndRxTxTransaction &rArr; SPI_WaitFlagStateUntilTimeout
</UL>
<BR>[Calls]<UL><LI><a href="#[6d]">&gt;&gt;</a>&nbsp;&nbsp;&nbsp;AD5940_WriteReg
<LI><a href="#[70]">&gt;&gt;</a>&nbsp;&nbsp;&nbsp;AD5940_ReadReg
</UL>
<BR>[Called By]<UL><LI><a href="#[be]">&gt;&gt;</a>&nbsp;&nbsp;&nbsp;AppIMPInit
<LI><a href="#[bd]">&gt;&gt;</a>&nbsp;&nbsp;&nbsp;AD5940_impedance_sys
</UL>

<P><STRONG><a name="[8d]"></a>AD5940_FIFOCtrlS</STRONG> (Thumb, 20 bytes, Stack size 0 bytes, ad5940.o(i.AD5940_FIFOCtrlS))
<BR><BR>[Stack]<UL><LI>Max Depth = 144<LI>Call Chain = AD5940_FIFOCtrlS &rArr; AD5940_WriteReg &rArr; AD5940_ReadWrite8B &rArr; AD5940_ReadWriteNBytes &rArr; HAL_SPI_TransmitReceive &rArr; SPI_EndRxTxTransaction &rArr; SPI_WaitFlagStateUntilTimeout
</UL>
<BR>[Calls]<UL><LI><a href="#[6d]">&gt;&gt;</a>&nbsp;&nbsp;&nbsp;AD5940_WriteReg
</UL>
<BR>[Called By]<UL><LI><a href="#[be]">&gt;&gt;</a>&nbsp;&nbsp;&nbsp;AppIMPInit
</UL>

<P><STRONG><a name="[8e]"></a>AD5940_FIFOGetCnt</STRONG> (Thumb, 14 bytes, Stack size 8 bytes, ad5940.o(i.AD5940_FIFOGetCnt))
<BR><BR>[Stack]<UL><LI>Max Depth = 160<LI>Call Chain = AD5940_FIFOGetCnt &rArr; AD5940_ReadReg &rArr; AD5940_SPIReadReg &rArr; AD5940_ReadWrite8B &rArr; AD5940_ReadWriteNBytes &rArr; HAL_SPI_TransmitReceive &rArr; SPI_EndRxTxTransaction &rArr; SPI_WaitFlagStateUntilTimeout
</UL>
<BR>[Calls]<UL><LI><a href="#[70]">&gt;&gt;</a>&nbsp;&nbsp;&nbsp;AD5940_ReadReg
</UL>
<BR>[Called By]<UL><LI><a href="#[ba]">&gt;&gt;</a>&nbsp;&nbsp;&nbsp;AppIMPISR
</UL>

<P><STRONG><a name="[8f]"></a>AD5940_FIFORd</STRONG> (Thumb, 154 bytes, Stack size 16 bytes, ad5940.o(i.AD5940_FIFORd))
<BR><BR>[Stack]<UL><LI>Max Depth = 144<LI>Call Chain = AD5940_FIFORd &rArr; AD5940_ReadWrite8B &rArr; AD5940_ReadWriteNBytes &rArr; HAL_SPI_TransmitReceive &rArr; SPI_EndRxTxTransaction &rArr; SPI_WaitFlagStateUntilTimeout
</UL>
<BR>[Calls]<UL><LI><a href="#[86]">&gt;&gt;</a>&nbsp;&nbsp;&nbsp;AD5940_CsSet
<LI><a href="#[84]">&gt;&gt;</a>&nbsp;&nbsp;&nbsp;AD5940_CsClr
<LI><a href="#[90]">&gt;&gt;</a>&nbsp;&nbsp;&nbsp;AD5940_ReadWrite8B
<LI><a href="#[92]">&gt;&gt;</a>&nbsp;&nbsp;&nbsp;AD5940_ReadWrite32B
<LI><a href="#[91]">&gt;&gt;</a>&nbsp;&nbsp;&nbsp;AD5940_ReadWrite16B
</UL>
<BR>[Called By]<UL><LI><a href="#[ba]">&gt;&gt;</a>&nbsp;&nbsp;&nbsp;AppIMPISR
</UL>

<P><STRONG><a name="[b8]"></a>AD5940_GetMCUIntFlag</STRONG> (Thumb, 6 bytes, Stack size 0 bytes, portf103cn0510.o(i.AD5940_GetMCUIntFlag))
<BR><BR>[Called By]<UL><LI><a href="#[b7]">&gt;&gt;</a>&nbsp;&nbsp;&nbsp;AD5940_impedance
</UL>

<P><STRONG><a name="[7e]"></a>AD5940_HFOSC32MHzCtrl</STRONG> (Thumb, 120 bytes, Stack size 24 bytes, ad5940.o(i.AD5940_HFOSC32MHzCtrl))
<BR><BR>[Stack]<UL><LI>Max Depth = 176<LI>Call Chain = AD5940_HFOSC32MHzCtrl &rArr; AD5940_ReadReg &rArr; AD5940_SPIReadReg &rArr; AD5940_ReadWrite8B &rArr; AD5940_ReadWriteNBytes &rArr; HAL_SPI_TransmitReceive &rArr; SPI_EndRxTxTransaction &rArr; SPI_WaitFlagStateUntilTimeout
</UL>
<BR>[Calls]<UL><LI><a href="#[6d]">&gt;&gt;</a>&nbsp;&nbsp;&nbsp;AD5940_WriteReg
<LI><a href="#[70]">&gt;&gt;</a>&nbsp;&nbsp;&nbsp;AD5940_ReadReg
</UL>
<BR>[Called By]<UL><LI><a href="#[7d]">&gt;&gt;</a>&nbsp;&nbsp;&nbsp;AD5940_CLKCfg
</UL>

<P><STRONG><a name="[93]"></a>AD5940_HSDacCfgS</STRONG> (Thumb, 34 bytes, Stack size 0 bytes, ad5940.o(i.AD5940_HSDacCfgS))
<BR><BR>[Stack]<UL><LI>Max Depth = 144<LI>Call Chain = AD5940_HSDacCfgS &rArr; AD5940_WriteReg &rArr; AD5940_ReadWrite8B &rArr; AD5940_ReadWriteNBytes &rArr; HAL_SPI_TransmitReceive &rArr; SPI_EndRxTxTransaction &rArr; SPI_WaitFlagStateUntilTimeout
</UL>
<BR>[Calls]<UL><LI><a href="#[6d]">&gt;&gt;</a>&nbsp;&nbsp;&nbsp;AD5940_WriteReg
</UL>
<BR>[Called By]<UL><LI><a href="#[77]">&gt;&gt;</a>&nbsp;&nbsp;&nbsp;AD5940_HSLoopCfgS
</UL>

<P><STRONG><a name="[77]"></a>AD5940_HSLoopCfgS</STRONG> (Thumb, 36 bytes, Stack size 8 bytes, ad5940.o(i.AD5940_HSLoopCfgS))
<BR><BR>[Stack]<UL><LI>Max Depth = 192<LI>Call Chain = AD5940_HSLoopCfgS &rArr; AD5940_HSTIACfgS &rArr; __AD5940_SetDExRTIA &rArr; AD5940_WriteReg &rArr; AD5940_ReadWrite8B &rArr; AD5940_ReadWriteNBytes &rArr; HAL_SPI_TransmitReceive &rArr; SPI_EndRxTxTransaction &rArr; SPI_WaitFlagStateUntilTimeout
</UL>
<BR>[Calls]<UL><LI><a href="#[96]">&gt;&gt;</a>&nbsp;&nbsp;&nbsp;AD5940_WGCfgS
<LI><a href="#[95]">&gt;&gt;</a>&nbsp;&nbsp;&nbsp;AD5940_SWMatrixCfgS
<LI><a href="#[94]">&gt;&gt;</a>&nbsp;&nbsp;&nbsp;AD5940_HSTIACfgS
<LI><a href="#[93]">&gt;&gt;</a>&nbsp;&nbsp;&nbsp;AD5940_HSDacCfgS
</UL>
<BR>[Called By]<UL><LI><a href="#[5f]">&gt;&gt;</a>&nbsp;&nbsp;&nbsp;AD5940_ADCPGACal
<LI><a href="#[c7]">&gt;&gt;</a>&nbsp;&nbsp;&nbsp;AppIMPSeqCfgGen
</UL>

<P><STRONG><a name="[94]"></a>AD5940_HSTIACfgS</STRONG> (Thumb, 86 bytes, Stack size 8 bytes, ad5940.o(i.AD5940_HSTIACfgS))
<BR><BR>[Stack]<UL><LI>Max Depth = 184<LI>Call Chain = AD5940_HSTIACfgS &rArr; __AD5940_SetDExRTIA &rArr; AD5940_WriteReg &rArr; AD5940_ReadWrite8B &rArr; AD5940_ReadWriteNBytes &rArr; HAL_SPI_TransmitReceive &rArr; SPI_EndRxTxTransaction &rArr; SPI_WaitFlagStateUntilTimeout
</UL>
<BR>[Calls]<UL><LI><a href="#[97]">&gt;&gt;</a>&nbsp;&nbsp;&nbsp;__AD5940_SetDExRTIA
<LI><a href="#[6d]">&gt;&gt;</a>&nbsp;&nbsp;&nbsp;AD5940_WriteReg
</UL>
<BR>[Called By]<UL><LI><a href="#[77]">&gt;&gt;</a>&nbsp;&nbsp;&nbsp;AD5940_HSLoopCfgS
</UL>

<P><STRONG><a name="[5d]"></a>AD5940_HWReset</STRONG> (Thumb, 28 bytes, Stack size 8 bytes, ad5940.o(i.AD5940_HWReset))
<BR><BR>[Stack]<UL><LI>Max Depth = 8<LI>Call Chain = AD5940_HWReset
</UL>
<BR>[Calls]<UL><LI><a href="#[99]">&gt;&gt;</a>&nbsp;&nbsp;&nbsp;AD5940_RstSet
<LI><a href="#[98]">&gt;&gt;</a>&nbsp;&nbsp;&nbsp;AD5940_RstClr
<LI><a href="#[73]">&gt;&gt;</a>&nbsp;&nbsp;&nbsp;AD5940_Delay10us
</UL>
<BR>[Called By]<UL><LI><a href="#[c0]">&gt;&gt;</a>&nbsp;&nbsp;&nbsp;AD5940_messege
<LI><a href="#[5c]">&gt;&gt;</a>&nbsp;&nbsp;&nbsp;AD5940_ADC
<LI><a href="#[bd]">&gt;&gt;</a>&nbsp;&nbsp;&nbsp;AD5940_impedance_sys
</UL>

<P><STRONG><a name="[65]"></a>AD5940_INTCCfg</STRONG> (Thumb, 44 bytes, Stack size 16 bytes, ad5940.o(i.AD5940_INTCCfg))
<BR><BR>[Stack]<UL><LI>Max Depth = 168<LI>Call Chain = AD5940_INTCCfg &rArr; AD5940_ReadReg &rArr; AD5940_SPIReadReg &rArr; AD5940_ReadWrite8B &rArr; AD5940_ReadWriteNBytes &rArr; HAL_SPI_TransmitReceive &rArr; SPI_EndRxTxTransaction &rArr; SPI_WaitFlagStateUntilTimeout
</UL>
<BR>[Calls]<UL><LI><a href="#[6d]">&gt;&gt;</a>&nbsp;&nbsp;&nbsp;AD5940_WriteReg
<LI><a href="#[70]">&gt;&gt;</a>&nbsp;&nbsp;&nbsp;AD5940_ReadReg
</UL>
<BR>[Called By]<UL><LI><a href="#[5f]">&gt;&gt;</a>&nbsp;&nbsp;&nbsp;AD5940_ADCPGACal
<LI><a href="#[5c]">&gt;&gt;</a>&nbsp;&nbsp;&nbsp;AD5940_ADC
<LI><a href="#[bd]">&gt;&gt;</a>&nbsp;&nbsp;&nbsp;AD5940_impedance_sys
</UL>

<P><STRONG><a name="[69]"></a>AD5940_INTCClrFlag</STRONG> (Thumb, 10 bytes, Stack size 0 bytes, ad5940.o(i.AD5940_INTCClrFlag))
<BR><BR>[Stack]<UL><LI>Max Depth = 144<LI>Call Chain = AD5940_INTCClrFlag &rArr; AD5940_WriteReg &rArr; AD5940_ReadWrite8B &rArr; AD5940_ReadWriteNBytes &rArr; HAL_SPI_TransmitReceive &rArr; SPI_EndRxTxTransaction &rArr; SPI_WaitFlagStateUntilTimeout
</UL>
<BR>[Calls]<UL><LI><a href="#[6d]">&gt;&gt;</a>&nbsp;&nbsp;&nbsp;AD5940_WriteReg
</UL>
<BR>[Called By]<UL><LI><a href="#[75]">&gt;&gt;</a>&nbsp;&nbsp;&nbsp;__AD5940_TakeMeasurement
<LI><a href="#[be]">&gt;&gt;</a>&nbsp;&nbsp;&nbsp;AppIMPInit
<LI><a href="#[ba]">&gt;&gt;</a>&nbsp;&nbsp;&nbsp;AppIMPISR
<LI><a href="#[5c]">&gt;&gt;</a>&nbsp;&nbsp;&nbsp;AD5940_ADC
<LI><a href="#[bd]">&gt;&gt;</a>&nbsp;&nbsp;&nbsp;AD5940_impedance_sys
</UL>

<P><STRONG><a name="[74]"></a>AD5940_INTCGetCfg</STRONG> (Thumb, 18 bytes, Stack size 0 bytes, ad5940.o(i.AD5940_INTCGetCfg))
<BR><BR>[Stack]<UL><LI>Max Depth = 152<LI>Call Chain = AD5940_INTCGetCfg &rArr; AD5940_ReadReg &rArr; AD5940_SPIReadReg &rArr; AD5940_ReadWrite8B &rArr; AD5940_ReadWriteNBytes &rArr; HAL_SPI_TransmitReceive &rArr; SPI_EndRxTxTransaction &rArr; SPI_WaitFlagStateUntilTimeout
</UL>
<BR>[Calls]<UL><LI><a href="#[70]">&gt;&gt;</a>&nbsp;&nbsp;&nbsp;AD5940_ReadReg
</UL>
<BR>[Called By]<UL><LI><a href="#[5f]">&gt;&gt;</a>&nbsp;&nbsp;&nbsp;AD5940_ADCPGACal
</UL>

<P><STRONG><a name="[68]"></a>AD5940_INTCTestFlag</STRONG> (Thumb, 30 bytes, Stack size 8 bytes, ad5940.o(i.AD5940_INTCTestFlag))
<BR><BR>[Stack]<UL><LI>Max Depth = 160<LI>Call Chain = AD5940_INTCTestFlag &rArr; AD5940_ReadReg &rArr; AD5940_SPIReadReg &rArr; AD5940_ReadWrite8B &rArr; AD5940_ReadWriteNBytes &rArr; HAL_SPI_TransmitReceive &rArr; SPI_EndRxTxTransaction &rArr; SPI_WaitFlagStateUntilTimeout
</UL>
<BR>[Calls]<UL><LI><a href="#[70]">&gt;&gt;</a>&nbsp;&nbsp;&nbsp;AD5940_ReadReg
</UL>
<BR>[Called By]<UL><LI><a href="#[75]">&gt;&gt;</a>&nbsp;&nbsp;&nbsp;__AD5940_TakeMeasurement
<LI><a href="#[be]">&gt;&gt;</a>&nbsp;&nbsp;&nbsp;AppIMPInit
<LI><a href="#[ba]">&gt;&gt;</a>&nbsp;&nbsp;&nbsp;AppIMPISR
<LI><a href="#[5c]">&gt;&gt;</a>&nbsp;&nbsp;&nbsp;AD5940_ADC
</UL>

<P><STRONG><a name="[5e]"></a>AD5940_Initialize</STRONG> (Thumb, 144 bytes, Stack size 128 bytes, ad5940.o(i.AD5940_Initialize))
<BR><BR>[Stack]<UL><LI>Max Depth = 280<LI>Call Chain = AD5940_Initialize &rArr; AD5940_ReadReg &rArr; AD5940_SPIReadReg &rArr; AD5940_ReadWrite8B &rArr; AD5940_ReadWriteNBytes &rArr; HAL_SPI_TransmitReceive &rArr; SPI_EndRxTxTransaction &rArr; SPI_WaitFlagStateUntilTimeout
</UL>
<BR>[Calls]<UL><LI><a href="#[86]">&gt;&gt;</a>&nbsp;&nbsp;&nbsp;AD5940_CsSet
<LI><a href="#[6d]">&gt;&gt;</a>&nbsp;&nbsp;&nbsp;AD5940_WriteReg
<LI><a href="#[70]">&gt;&gt;</a>&nbsp;&nbsp;&nbsp;AD5940_ReadReg
<LI><a href="#[60]">&gt;&gt;</a>&nbsp;&nbsp;&nbsp;__2printf
<LI><a href="#[80]">&gt;&gt;</a>&nbsp;&nbsp;&nbsp;__aeabi_memcpy4
</UL>
<BR>[Called By]<UL><LI><a href="#[c0]">&gt;&gt;</a>&nbsp;&nbsp;&nbsp;AD5940_messege
<LI><a href="#[5c]">&gt;&gt;</a>&nbsp;&nbsp;&nbsp;AD5940_ADC
<LI><a href="#[bd]">&gt;&gt;</a>&nbsp;&nbsp;&nbsp;AD5940_impedance_sys
</UL>

<P><STRONG><a name="[9a]"></a>AD5940_LPAMPCfgS</STRONG> (Thumb, 96 bytes, Stack size 8 bytes, ad5940.o(i.AD5940_LPAMPCfgS))
<BR><BR>[Stack]<UL><LI>Max Depth = 152<LI>Call Chain = AD5940_LPAMPCfgS &rArr; AD5940_WriteReg &rArr; AD5940_ReadWrite8B &rArr; AD5940_ReadWriteNBytes &rArr; HAL_SPI_TransmitReceive &rArr; SPI_EndRxTxTransaction &rArr; SPI_WaitFlagStateUntilTimeout
</UL>
<BR>[Calls]<UL><LI><a href="#[6d]">&gt;&gt;</a>&nbsp;&nbsp;&nbsp;AD5940_WriteReg
</UL>
<BR>[Called By]<UL><LI><a href="#[9e]">&gt;&gt;</a>&nbsp;&nbsp;&nbsp;AD5940_LPLoopCfgS
</UL>

<P><STRONG><a name="[9b]"></a>AD5940_LPDAC0WriteS</STRONG> (Thumb, 20 bytes, Stack size 0 bytes, ad5940.o(i.AD5940_LPDAC0WriteS))
<BR><BR>[Stack]<UL><LI>Max Depth = 144<LI>Call Chain = AD5940_LPDAC0WriteS &rArr; AD5940_WriteReg &rArr; AD5940_ReadWrite8B &rArr; AD5940_ReadWriteNBytes &rArr; HAL_SPI_TransmitReceive &rArr; SPI_EndRxTxTransaction &rArr; SPI_WaitFlagStateUntilTimeout
</UL>
<BR>[Calls]<UL><LI><a href="#[6d]">&gt;&gt;</a>&nbsp;&nbsp;&nbsp;AD5940_WriteReg
</UL>
<BR>[Called By]<UL><LI><a href="#[9d]">&gt;&gt;</a>&nbsp;&nbsp;&nbsp;AD5940_LPDACCfgS
</UL>

<P><STRONG><a name="[9c]"></a>AD5940_LPDAC1WriteS</STRONG> (Thumb, 20 bytes, Stack size 0 bytes, ad5940.o(i.AD5940_LPDAC1WriteS))
<BR><BR>[Stack]<UL><LI>Max Depth = 144<LI>Call Chain = AD5940_LPDAC1WriteS &rArr; AD5940_WriteReg &rArr; AD5940_ReadWrite8B &rArr; AD5940_ReadWriteNBytes &rArr; HAL_SPI_TransmitReceive &rArr; SPI_EndRxTxTransaction &rArr; SPI_WaitFlagStateUntilTimeout
</UL>
<BR>[Calls]<UL><LI><a href="#[6d]">&gt;&gt;</a>&nbsp;&nbsp;&nbsp;AD5940_WriteReg
</UL>
<BR>[Called By]<UL><LI><a href="#[9d]">&gt;&gt;</a>&nbsp;&nbsp;&nbsp;AD5940_LPDACCfgS
</UL>

<P><STRONG><a name="[9d]"></a>AD5940_LPDACCfgS</STRONG> (Thumb, 108 bytes, Stack size 8 bytes, ad5940.o(i.AD5940_LPDACCfgS))
<BR><BR>[Stack]<UL><LI>Max Depth = 152<LI>Call Chain = AD5940_LPDACCfgS &rArr; AD5940_WriteReg &rArr; AD5940_ReadWrite8B &rArr; AD5940_ReadWriteNBytes &rArr; HAL_SPI_TransmitReceive &rArr; SPI_EndRxTxTransaction &rArr; SPI_WaitFlagStateUntilTimeout
</UL>
<BR>[Calls]<UL><LI><a href="#[6d]">&gt;&gt;</a>&nbsp;&nbsp;&nbsp;AD5940_WriteReg
<LI><a href="#[9c]">&gt;&gt;</a>&nbsp;&nbsp;&nbsp;AD5940_LPDAC1WriteS
<LI><a href="#[9b]">&gt;&gt;</a>&nbsp;&nbsp;&nbsp;AD5940_LPDAC0WriteS
</UL>
<BR>[Called By]<UL><LI><a href="#[9e]">&gt;&gt;</a>&nbsp;&nbsp;&nbsp;AD5940_LPLoopCfgS
<LI><a href="#[c7]">&gt;&gt;</a>&nbsp;&nbsp;&nbsp;AppIMPSeqCfgGen
</UL>

<P><STRONG><a name="[9e]"></a>AD5940_LPLoopCfgS</STRONG> (Thumb, 20 bytes, Stack size 8 bytes, ad5940.o(i.AD5940_LPLoopCfgS))
<BR><BR>[Stack]<UL><LI>Max Depth = 160<LI>Call Chain = AD5940_LPLoopCfgS &rArr; AD5940_LPDACCfgS &rArr; AD5940_WriteReg &rArr; AD5940_ReadWrite8B &rArr; AD5940_ReadWriteNBytes &rArr; HAL_SPI_TransmitReceive &rArr; SPI_EndRxTxTransaction &rArr; SPI_WaitFlagStateUntilTimeout
</UL>
<BR>[Calls]<UL><LI><a href="#[9d]">&gt;&gt;</a>&nbsp;&nbsp;&nbsp;AD5940_LPDACCfgS
<LI><a href="#[9a]">&gt;&gt;</a>&nbsp;&nbsp;&nbsp;AD5940_LPAMPCfgS
</UL>
<BR>[Called By]<UL><LI><a href="#[bf]">&gt;&gt;</a>&nbsp;&nbsp;&nbsp;AppIMPCtrl
</UL>

<P><STRONG><a name="[82]"></a>AD5940_Notch50HzAvailable</STRONG> (Thumb, 158 bytes, Stack size 32 bytes, ad5940.o(i.AD5940_Notch50HzAvailable))
<BR><BR>[Stack]<UL><LI>Max Depth = 44<LI>Call Chain = AD5940_Notch50HzAvailable &rArr; _is_value_in_table
</UL>
<BR>[Calls]<UL><LI><a href="#[9f]">&gt;&gt;</a>&nbsp;&nbsp;&nbsp;_is_value_in_table
</UL>
<BR>[Called By]<UL><LI><a href="#[7f]">&gt;&gt;</a>&nbsp;&nbsp;&nbsp;AD5940_ClksCalculate
</UL>

<P><STRONG><a name="[83]"></a>AD5940_Notch60HzAvailable</STRONG> (Thumb, 142 bytes, Stack size 32 bytes, ad5940.o(i.AD5940_Notch60HzAvailable))
<BR><BR>[Stack]<UL><LI>Max Depth = 44<LI>Call Chain = AD5940_Notch60HzAvailable &rArr; _is_value_in_table
</UL>
<BR>[Calls]<UL><LI><a href="#[9f]">&gt;&gt;</a>&nbsp;&nbsp;&nbsp;_is_value_in_table
</UL>
<BR>[Called By]<UL><LI><a href="#[7f]">&gt;&gt;</a>&nbsp;&nbsp;&nbsp;AD5940_ClksCalculate
</UL>

<P><STRONG><a name="[a0]"></a>AD5940_REFCfgS</STRONG> (Thumb, 168 bytes, Stack size 16 bytes, ad5940.o(i.AD5940_REFCfgS))
<BR><BR>[Stack]<UL><LI>Max Depth = 168<LI>Call Chain = AD5940_REFCfgS &rArr; AD5940_ReadReg &rArr; AD5940_SPIReadReg &rArr; AD5940_ReadWrite8B &rArr; AD5940_ReadWriteNBytes &rArr; HAL_SPI_TransmitReceive &rArr; SPI_EndRxTxTransaction &rArr; SPI_WaitFlagStateUntilTimeout
</UL>
<BR>[Calls]<UL><LI><a href="#[6d]">&gt;&gt;</a>&nbsp;&nbsp;&nbsp;AD5940_WriteReg
<LI><a href="#[70]">&gt;&gt;</a>&nbsp;&nbsp;&nbsp;AD5940_ReadReg
</UL>
<BR>[Called By]<UL><LI><a href="#[72]">&gt;&gt;</a>&nbsp;&nbsp;&nbsp;__AD5940_ReferenceON
<LI><a href="#[bf]">&gt;&gt;</a>&nbsp;&nbsp;&nbsp;AppIMPCtrl
<LI><a href="#[c7]">&gt;&gt;</a>&nbsp;&nbsp;&nbsp;AppIMPSeqCfgGen
</UL>

<P><STRONG><a name="[6a]"></a>AD5940_ReadAfeResult</STRONG> (Thumb, 66 bytes, Stack size 0 bytes, ad5940.o(i.AD5940_ReadAfeResult))
<BR><BR>[Stack]<UL><LI>Max Depth = 152<LI>Call Chain = AD5940_ReadAfeResult &rArr; AD5940_ReadReg &rArr; AD5940_SPIReadReg &rArr; AD5940_ReadWrite8B &rArr; AD5940_ReadWriteNBytes &rArr; HAL_SPI_TransmitReceive &rArr; SPI_EndRxTxTransaction &rArr; SPI_WaitFlagStateUntilTimeout
</UL>
<BR>[Calls]<UL><LI><a href="#[70]">&gt;&gt;</a>&nbsp;&nbsp;&nbsp;AD5940_ReadReg
</UL>
<BR>[Called By]<UL><LI><a href="#[75]">&gt;&gt;</a>&nbsp;&nbsp;&nbsp;__AD5940_TakeMeasurement
<LI><a href="#[5c]">&gt;&gt;</a>&nbsp;&nbsp;&nbsp;AD5940_ADC
</UL>

<P><STRONG><a name="[70]"></a>AD5940_ReadReg</STRONG> (Thumb, 60 bytes, Stack size 16 bytes, ad5940.o(i.AD5940_ReadReg))
<BR><BR>[Stack]<UL><LI>Max Depth = 152<LI>Call Chain = AD5940_ReadReg &rArr; AD5940_SPIReadReg &rArr; AD5940_ReadWrite8B &rArr; AD5940_ReadWriteNBytes &rArr; HAL_SPI_TransmitReceive &rArr; SPI_EndRxTxTransaction &rArr; SPI_WaitFlagStateUntilTimeout
</UL>
<BR>[Calls]<UL><LI><a href="#[a1]">&gt;&gt;</a>&nbsp;&nbsp;&nbsp;AD5940_SPIReadReg
<LI><a href="#[a3]">&gt;&gt;</a>&nbsp;&nbsp;&nbsp;AD5940_SEQRegInfoInsert
<LI><a href="#[a2]">&gt;&gt;</a>&nbsp;&nbsp;&nbsp;AD5940_SEQGenSearchReg
</UL>
<BR>[Called By]<UL><LI><a href="#[b6]">&gt;&gt;</a>&nbsp;&nbsp;&nbsp;AD5940_WakeUp
<LI><a href="#[b5]">&gt;&gt;</a>&nbsp;&nbsp;&nbsp;AD5940_WUPTCtrl
<LI><a href="#[a6]">&gt;&gt;</a>&nbsp;&nbsp;&nbsp;AD5940_SEQCfg
<LI><a href="#[6a]">&gt;&gt;</a>&nbsp;&nbsp;&nbsp;AD5940_ReadAfeResult
<LI><a href="#[a0]">&gt;&gt;</a>&nbsp;&nbsp;&nbsp;AD5940_REFCfgS
<LI><a href="#[5e]">&gt;&gt;</a>&nbsp;&nbsp;&nbsp;AD5940_Initialize
<LI><a href="#[68]">&gt;&gt;</a>&nbsp;&nbsp;&nbsp;AD5940_INTCTestFlag
<LI><a href="#[74]">&gt;&gt;</a>&nbsp;&nbsp;&nbsp;AD5940_INTCGetCfg
<LI><a href="#[65]">&gt;&gt;</a>&nbsp;&nbsp;&nbsp;AD5940_INTCCfg
<LI><a href="#[7e]">&gt;&gt;</a>&nbsp;&nbsp;&nbsp;AD5940_HFOSC32MHzCtrl
<LI><a href="#[8e]">&gt;&gt;</a>&nbsp;&nbsp;&nbsp;AD5940_FIFOGetCnt
<LI><a href="#[8c]">&gt;&gt;</a>&nbsp;&nbsp;&nbsp;AD5940_FIFOCfg
<LI><a href="#[87]">&gt;&gt;</a>&nbsp;&nbsp;&nbsp;AD5940_DFTCfgS
<LI><a href="#[7d]">&gt;&gt;</a>&nbsp;&nbsp;&nbsp;AD5940_CLKCfg
<LI><a href="#[62]">&gt;&gt;</a>&nbsp;&nbsp;&nbsp;AD5940_AFECtrlS
<LI><a href="#[66]">&gt;&gt;</a>&nbsp;&nbsp;&nbsp;AD5940_ADCPowerCtrlS
<LI><a href="#[5f]">&gt;&gt;</a>&nbsp;&nbsp;&nbsp;AD5940_ADCPGACal
<LI><a href="#[64]">&gt;&gt;</a>&nbsp;&nbsp;&nbsp;AD5940_ADCFilterCfgS
<LI><a href="#[67]">&gt;&gt;</a>&nbsp;&nbsp;&nbsp;AD5940_ADCConvtCtrlS
<LI><a href="#[c0]">&gt;&gt;</a>&nbsp;&nbsp;&nbsp;AD5940_messege
</UL>

<P><STRONG><a name="[a4]"></a>AD5940_ReadWriteNBytes</STRONG> (Thumb, 30 bytes, Stack size 8 bytes, portf103cn0510.o(i.AD5940_ReadWriteNBytes))
<BR><BR>[Stack]<UL><LI>Max Depth = 112<LI>Call Chain = AD5940_ReadWriteNBytes &rArr; HAL_SPI_TransmitReceive &rArr; SPI_EndRxTxTransaction &rArr; SPI_WaitFlagStateUntilTimeout
</UL>
<BR>[Calls]<UL><LI><a href="#[8a]">&gt;&gt;</a>&nbsp;&nbsp;&nbsp;delay_us
<LI><a href="#[a5]">&gt;&gt;</a>&nbsp;&nbsp;&nbsp;HAL_SPI_TransmitReceive
</UL>
<BR>[Called By]<UL><LI><a href="#[90]">&gt;&gt;</a>&nbsp;&nbsp;&nbsp;AD5940_ReadWrite8B
<LI><a href="#[92]">&gt;&gt;</a>&nbsp;&nbsp;&nbsp;AD5940_ReadWrite32B
<LI><a href="#[91]">&gt;&gt;</a>&nbsp;&nbsp;&nbsp;AD5940_ReadWrite16B
</UL>

<P><STRONG><a name="[98]"></a>AD5940_RstClr</STRONG> (Thumb, 10 bytes, Stack size 0 bytes, portf103cn0510.o(i.AD5940_RstClr))
<BR><BR>[Calls]<UL><LI><a href="#[85]">&gt;&gt;</a>&nbsp;&nbsp;&nbsp;HAL_GPIO_WritePin
</UL>
<BR>[Called By]<UL><LI><a href="#[5d]">&gt;&gt;</a>&nbsp;&nbsp;&nbsp;AD5940_HWReset
</UL>

<P><STRONG><a name="[99]"></a>AD5940_RstSet</STRONG> (Thumb, 10 bytes, Stack size 0 bytes, portf103cn0510.o(i.AD5940_RstSet))
<BR><BR>[Calls]<UL><LI><a href="#[85]">&gt;&gt;</a>&nbsp;&nbsp;&nbsp;HAL_GPIO_WritePin
</UL>
<BR>[Called By]<UL><LI><a href="#[5d]">&gt;&gt;</a>&nbsp;&nbsp;&nbsp;AD5940_HWReset
<LI><a href="#[35]">&gt;&gt;</a>&nbsp;&nbsp;&nbsp;main
</UL>

<P><STRONG><a name="[a6]"></a>AD5940_SEQCfg</STRONG> (Thumb, 112 bytes, Stack size 24 bytes, ad5940.o(i.AD5940_SEQCfg))
<BR><BR>[Stack]<UL><LI>Max Depth = 176<LI>Call Chain = AD5940_SEQCfg &rArr; AD5940_ReadReg &rArr; AD5940_SPIReadReg &rArr; AD5940_ReadWrite8B &rArr; AD5940_ReadWriteNBytes &rArr; HAL_SPI_TransmitReceive &rArr; SPI_EndRxTxTransaction &rArr; SPI_WaitFlagStateUntilTimeout
</UL>
<BR>[Calls]<UL><LI><a href="#[6d]">&gt;&gt;</a>&nbsp;&nbsp;&nbsp;AD5940_WriteReg
<LI><a href="#[70]">&gt;&gt;</a>&nbsp;&nbsp;&nbsp;AD5940_ReadReg
</UL>
<BR>[Called By]<UL><LI><a href="#[be]">&gt;&gt;</a>&nbsp;&nbsp;&nbsp;AppIMPInit
</UL>

<P><STRONG><a name="[a7]"></a>AD5940_SEQCmdWrite</STRONG> (Thumb, 46 bytes, Stack size 24 bytes, ad5940.o(i.AD5940_SEQCmdWrite))
<BR><BR>[Stack]<UL><LI>Max Depth = 168<LI>Call Chain = AD5940_SEQCmdWrite &rArr; AD5940_WriteReg &rArr; AD5940_ReadWrite8B &rArr; AD5940_ReadWriteNBytes &rArr; HAL_SPI_TransmitReceive &rArr; SPI_EndRxTxTransaction &rArr; SPI_WaitFlagStateUntilTimeout
</UL>
<BR>[Calls]<UL><LI><a href="#[6d]">&gt;&gt;</a>&nbsp;&nbsp;&nbsp;AD5940_WriteReg
</UL>
<BR>[Called By]<UL><LI><a href="#[a9]">&gt;&gt;</a>&nbsp;&nbsp;&nbsp;AD5940_SEQInfoCfg
<LI><a href="#[c8]">&gt;&gt;</a>&nbsp;&nbsp;&nbsp;AppIMPSeqMeasureGen
<LI><a href="#[c7]">&gt;&gt;</a>&nbsp;&nbsp;&nbsp;AppIMPSeqCfgGen
</UL>

<P><STRONG><a name="[c9]"></a>AD5940_SEQGenCtrl</STRONG> (Thumb, 20 bytes, Stack size 0 bytes, ad5940.o(i.AD5940_SEQGenCtrl))
<BR><BR>[Called By]<UL><LI><a href="#[c8]">&gt;&gt;</a>&nbsp;&nbsp;&nbsp;AppIMPSeqMeasureGen
<LI><a href="#[c7]">&gt;&gt;</a>&nbsp;&nbsp;&nbsp;AppIMPSeqCfgGen
</UL>

<P><STRONG><a name="[ca]"></a>AD5940_SEQGenFetchSeq</STRONG> (Thumb, 18 bytes, Stack size 0 bytes, ad5940.o(i.AD5940_SEQGenFetchSeq))
<BR><BR>[Called By]<UL><LI><a href="#[c8]">&gt;&gt;</a>&nbsp;&nbsp;&nbsp;AppIMPSeqMeasureGen
<LI><a href="#[c7]">&gt;&gt;</a>&nbsp;&nbsp;&nbsp;AppIMPSeqCfgGen
</UL>

<P><STRONG><a name="[c6]"></a>AD5940_SEQGenInit</STRONG> (Thumb, 30 bytes, Stack size 0 bytes, ad5940.o(i.AD5940_SEQGenInit))
<BR><BR>[Called By]<UL><LI><a href="#[be]">&gt;&gt;</a>&nbsp;&nbsp;&nbsp;AppIMPInit
</UL>

<P><STRONG><a name="[ac]"></a>AD5940_SEQGenInsert</STRONG> (Thumb, 38 bytes, Stack size 8 bytes, ad5940.o(i.AD5940_SEQGenInsert))
<BR><BR>[Stack]<UL><LI>Max Depth = 8<LI>Call Chain = AD5940_SEQGenInsert
</UL>
<BR>[Called By]<UL><LI><a href="#[ab]">&gt;&gt;</a>&nbsp;&nbsp;&nbsp;AD5940_SEQWriteReg
<LI><a href="#[c8]">&gt;&gt;</a>&nbsp;&nbsp;&nbsp;AppIMPSeqMeasureGen
<LI><a href="#[c7]">&gt;&gt;</a>&nbsp;&nbsp;&nbsp;AppIMPSeqCfgGen
</UL>

<P><STRONG><a name="[a8]"></a>AD5940_SEQGpioCtrlS</STRONG> (Thumb, 10 bytes, Stack size 0 bytes, ad5940.o(i.AD5940_SEQGpioCtrlS))
<BR><BR>[Stack]<UL><LI>Max Depth = 144<LI>Call Chain = AD5940_SEQGpioCtrlS &rArr; AD5940_WriteReg &rArr; AD5940_ReadWrite8B &rArr; AD5940_ReadWriteNBytes &rArr; HAL_SPI_TransmitReceive &rArr; SPI_EndRxTxTransaction &rArr; SPI_WaitFlagStateUntilTimeout
</UL>
<BR>[Calls]<UL><LI><a href="#[6d]">&gt;&gt;</a>&nbsp;&nbsp;&nbsp;AD5940_WriteReg
</UL>
<BR>[Called By]<UL><LI><a href="#[c8]">&gt;&gt;</a>&nbsp;&nbsp;&nbsp;AppIMPSeqMeasureGen
</UL>

[...]
<LI><a href="#[119]">&gt;&gt;</a>&nbsp;&nbsp;&nbsp;log
<LI><a href="#[10d]">&gt;&gt;</a>&nbsp;&nbsp;&nbsp;__mathlib_dbl_invalid
<LI><a href="#[10a]">&gt;&gt;</a>&nbsp;&nbsp;&nbsp;__mathlib_dbl_infnan
<LI><a href="#[109]">&gt;&gt;</a>&nbsp;&nbsp;&nbsp;__mathlib_dbl_divzero
</UL>
<BR>[Called By]<UL><LI><a href="#[ae]">&gt;&gt;</a>&nbsp;&nbsp;&nbsp;AD5940_SweepNext
</UL>

<P><STRONG><a name="[35]"></a>main</STRONG> (Thumb, 88 bytes, Stack size 0 bytes, main.o(i.main))
<BR><BR>[Stack]<UL><LI>Max Depth = 600<LI>Call Chain = main &rArr; AD5940_impedance_init &rArr; AppIMPInit &rArr; AppIMPSeqCfgGen &rArr; AD5940_SweepNext &rArr; pow &rArr; __kernel_poly &rArr; __aeabi_dmul &rArr; _double_epilogue &rArr; _double_round
</UL>
<BR>[Calls]<UL><LI><a href="#[99]">&gt;&gt;</a>&nbsp;&nbsp;&nbsp;AD5940_RstSet
<LI><a href="#[86]">&gt;&gt;</a>&nbsp;&nbsp;&nbsp;AD5940_CsSet
<LI><a href="#[ff]">&gt;&gt;</a>&nbsp;&nbsp;&nbsp;MX_USART1_UART_Init
<LI><a href="#[fd]">&gt;&gt;</a>&nbsp;&nbsp;&nbsp;MX_TIM4_Init
<LI><a href="#[fc]">&gt;&gt;</a>&nbsp;&nbsp;&nbsp;MX_SPI1_Init
<LI><a href="#[f9]">&gt;&gt;</a>&nbsp;&nbsp;&nbsp;MX_DMA_Init
<LI><a href="#[d0]">&gt;&gt;</a>&nbsp;&nbsp;&nbsp;HAL_Init
<LI><a href="#[102]">&gt;&gt;</a>&nbsp;&nbsp;&nbsp;SystemClock_Config
<LI><a href="#[cd]">&gt;&gt;</a>&nbsp;&nbsp;&nbsp;HAL_Delay
<LI><a href="#[c0]">&gt;&gt;</a>&nbsp;&nbsp;&nbsp;AD5940_messege
<LI><a href="#[bc]">&gt;&gt;</a>&nbsp;&nbsp;&nbsp;AD5940_impedance_init
<LI><a href="#[b7]">&gt;&gt;</a>&nbsp;&nbsp;&nbsp;AD5940_impedance
<LI><a href="#[5c]">&gt;&gt;</a>&nbsp;&nbsp;&nbsp;AD5940_ADC
<LI><a href="#[fb]">&gt;&gt;</a>&nbsp;&nbsp;&nbsp;MX_GPIO_Init
<LI><a href="#[60]">&gt;&gt;</a>&nbsp;&nbsp;&nbsp;__2printf
</UL>
<BR>[Address Reference Count : 1]<UL><LI> entry9a.o(.ARM.Collect$$$$0000000B)
</UL>
<P><STRONG><a name="[b1]"></a>pow</STRONG> (Thumb, 2512 bytes, Stack size 128 bytes, pow.o(i.pow))
<BR><BR>[Stack]<UL><LI>Max Depth = 240<LI>Call Chain = pow &rArr; __kernel_poly &rArr; __aeabi_dmul &rArr; _double_epilogue &rArr; _double_round
</UL>
<BR>[Calls]<UL><LI><a href="#[4d]">&gt;&gt;</a>&nbsp;&nbsp;&nbsp;__aeabi_dmul
<LI><a href="#[4e]">&gt;&gt;</a>&nbsp;&nbsp;&nbsp;__aeabi_ddiv
<LI><a href="#[46]">&gt;&gt;</a>&nbsp;&nbsp;&nbsp;__aeabi_dadd
<LI><a href="#[52]">&gt;&gt;</a>&nbsp;&nbsp;&nbsp;__aeabi_i2d
<LI><a href="#[10b]">&gt;&gt;</a>&nbsp;&nbsp;&nbsp;__ARM_scalbn
<LI><a href="#[c3]">&gt;&gt;</a>&nbsp;&nbsp;&nbsp;sqrt
<LI><a href="#[111]">&gt;&gt;</a>&nbsp;&nbsp;&nbsp;__aeabi_cdrcmple
<LI><a href="#[4b]">&gt;&gt;</a>&nbsp;&nbsp;&nbsp;__aeabi_dsub
<LI><a href="#[4c]">&gt;&gt;</a>&nbsp;&nbsp;&nbsp;__aeabi_drsub
<LI><a href="#[118]">&gt;&gt;</a>&nbsp;&nbsp;&nbsp;__set_errno
<LI><a href="#[108]">&gt;&gt;</a>&nbsp;&nbsp;&nbsp;__kernel_poly
<LI><a href="#[116]">&gt;&gt;</a>&nbsp;&nbsp;&nbsp;__ARM_fpclassify
<LI><a href="#[10f]">&gt;&gt;</a>&nbsp;&nbsp;&nbsp;__mathlib_dbl_underflow
<LI><a href="#[10e]">&gt;&gt;</a>&nbsp;&nbsp;&nbsp;__mathlib_dbl_overflow
<LI><a href="#[10d]">&gt;&gt;</a>&nbsp;&nbsp;&nbsp;__mathlib_dbl_invalid
<LI><a href="#[10c]">&gt;&gt;</a>&nbsp;&nbsp;&nbsp;__mathlib_dbl_infnan2
<LI><a href="#[109]">&gt;&gt;</a>&nbsp;&nbsp;&nbsp;__mathlib_dbl_divzero
</UL>
<BR>[Called By]<UL><LI><a href="#[ae]">&gt;&gt;</a>&nbsp;&nbsp;&nbsp;AD5940_SweepNext
</UL>

<P><STRONG><a name="[c3]"></a>sqrt</STRONG> (Thumb, 76 bytes, Stack size 24 bytes, sqrt.o(i.sqrt))
<BR><BR>[Stack]<UL><LI>Max Depth = 64<LI>Call Chain = sqrt &rArr; _dsqrt &rArr; _double_round
</UL>
<BR>[Calls]<UL><LI><a href="#[57]">&gt;&gt;</a>&nbsp;&nbsp;&nbsp;_dsqrt
<LI><a href="#[118]">&gt;&gt;</a>&nbsp;&nbsp;&nbsp;__set_errno
</UL>
<BR>[Called By]<UL><LI><a href="#[b1]">&gt;&gt;</a>&nbsp;&nbsp;&nbsp;pow
<LI><a href="#[c2]">&gt;&gt;</a>&nbsp;&nbsp;&nbsp;AppIMPDataProcess
</UL>
<P>
<H3>
Local Symbols
</H3>
<P><STRONG><a name="[91]"></a>AD5940_ReadWrite16B</STRONG> (Thumb, 30 bytes, Stack size 16 bytes, ad5940.o(i.AD5940_ReadWrite16B))
<BR><BR>[Stack]<UL><LI>Max Depth = 128<LI>Call Chain = AD5940_ReadWrite16B &rArr; AD5940_ReadWriteNBytes &rArr; HAL_SPI_TransmitReceive &rArr; SPI_EndRxTxTransaction &rArr; SPI_WaitFlagStateUntilTimeout
</UL>
<BR>[Calls]<UL><LI><a href="#[a4]">&gt;&gt;</a>&nbsp;&nbsp;&nbsp;AD5940_ReadWriteNBytes
</UL>
<BR>[Called By]<UL><LI><a href="#[6d]">&gt;&gt;</a>&nbsp;&nbsp;&nbsp;AD5940_WriteReg
<LI><a href="#[8f]">&gt;&gt;</a>&nbsp;&nbsp;&nbsp;AD5940_FIFORd
<LI><a href="#[a1]">&gt;&gt;</a>&nbsp;&nbsp;&nbsp;AD5940_SPIReadReg
</UL>

<P><STRONG><a name="[92]"></a>AD5940_ReadWrite32B</STRONG> (Thumb, 58 bytes, Stack size 16 bytes, ad5940.o(i.AD5940_ReadWrite32B))
<BR><BR>[Stack]<UL><LI>Max Depth = 128<LI>Call Chain = AD5940_ReadWrite32B &rArr; AD5940_ReadWriteNBytes &rArr; HAL_SPI_TransmitReceive &rArr; SPI_EndRxTxTransaction &rArr; SPI_WaitFlagStateUntilTimeout
</UL>
<BR>[Calls]<UL><LI><a href="#[a4]">&gt;&gt;</a>&nbsp;&nbsp;&nbsp;AD5940_ReadWriteNBytes
</UL>
<BR>[Called By]<UL><LI><a href="#[6d]">&gt;&gt;</a>&nbsp;&nbsp;&nbsp;AD5940_WriteReg
<LI><a href="#[8f]">&gt;&gt;</a>&nbsp;&nbsp;&nbsp;AD5940_FIFORd
<LI><a href="#[a1]">&gt;&gt;</a>&nbsp;&nbsp;&nbsp;AD5940_SPIReadReg
</UL>

<P><STRONG><a name="[90]"></a>AD5940_ReadWrite8B</STRONG> (Thumb, 22 bytes, Stack size 16 bytes, ad5940.o(i.AD5940_ReadWrite8B))
<BR><BR>[Stack]<UL><LI>Max Depth = 128<LI>Call Chain = AD5940_ReadWrite8B &rArr; AD5940_ReadWriteNBytes &rArr; HAL_SPI_TransmitReceive &rArr; SPI_EndRxTxTransaction &rArr; SPI_WaitFlagStateUntilTimeout
</UL>
<BR>[Calls]<UL><LI><a href="#[a4]">&gt;&gt;</a>&nbsp;&nbsp;&nbsp;AD5940_ReadWriteNBytes
</UL>
<BR>[Called By]<UL><LI><a href="#[6d]">&gt;&gt;</a>&nbsp;&nbsp;&nbsp;AD5940_WriteReg
<LI><a href="#[8f]">&gt;&gt;</a>&nbsp;&nbsp;&nbsp;AD5940_FIFORd
<LI><a href="#[a1]">&gt;&gt;</a>&nbsp;&nbsp;&nbsp;AD5940_SPIReadReg
</UL>

<P><STRONG><a name="[a2]"></a>AD5940_SEQGenSearchReg</STRONG> (Thumb, 42 bytes, Stack size 12 bytes, ad5940.o(i.AD5940_SEQGenSearchReg))
<BR><BR>[Stack]<UL><LI>Max Depth = 12<LI>Call Chain = AD5940_SEQGenSearchReg
</UL>
<BR>[Called By]<UL><LI><a href="#[70]">&gt;&gt;</a>&nbsp;&nbsp;&nbsp;AD5940_ReadReg
<LI><a href="#[ab]">&gt;&gt;</a>&nbsp;&nbsp;&nbsp;AD5940_SEQWriteReg
</UL>

<P><STRONG><a name="[a3]"></a>AD5940_SEQRegInfoInsert</STRONG> (Thumb, 52 bytes, Stack size 8 bytes, ad5940.o(i.AD5940_SEQRegInfoInsert))
<BR><BR>[Stack]<UL><LI>Max Depth = 8<LI>Call Chain = AD5940_SEQRegInfoInsert
</UL>
<BR>[Called By]<UL><LI><a href="#[70]">&gt;&gt;</a>&nbsp;&nbsp;&nbsp;AD5940_ReadReg
<LI><a href="#[ab]">&gt;&gt;</a>&nbsp;&nbsp;&nbsp;AD5940_SEQWriteReg
</UL>

<P><STRONG><a name="[ab]"></a>AD5940_SEQWriteReg</STRONG> (Thumb, 76 bytes, Stack size 24 bytes, ad5940.o(i.AD5940_SEQWriteReg))
<BR><BR>[Stack]<UL><LI>Max Depth = 36<LI>Call Chain = AD5940_SEQWriteReg &rArr; AD5940_SEQGenSearchReg
</UL>
<BR>[Calls]<UL><LI><a href="#[ac]">&gt;&gt;</a>&nbsp;&nbsp;&nbsp;AD5940_SEQGenInsert
<LI><a href="#[a3]">&gt;&gt;</a>&nbsp;&nbsp;&nbsp;AD5940_SEQRegInfoInsert
<LI><a href="#[a2]">&gt;&gt;</a>&nbsp;&nbsp;&nbsp;AD5940_SEQGenSearchReg
</UL>
<BR>[Called By]<UL><LI><a href="#[6d]">&gt;&gt;</a>&nbsp;&nbsp;&nbsp;AD5940_WriteReg
</UL>

<P><STRONG><a name="[a1]"></a>AD5940_SPIReadReg</STRONG> (Thumb, 76 bytes, Stack size 8 bytes, ad5940.o(i.AD5940_SPIReadReg))
<BR><BR>[Stack]<UL><LI>Max Depth = 136<LI>Call Chain = AD5940_SPIReadReg &rArr; AD5940_ReadWrite8B &rArr; AD5940_ReadWriteNBytes &rArr; HAL_SPI_TransmitReceive &rArr; SPI_EndRxTxTransaction &rArr; SPI_WaitFlagStateUntilTimeout
</UL>
<BR>[Calls]<UL><LI><a href="#[86]">&gt;&gt;</a>&nbsp;&nbsp;&nbsp;AD5940_CsSet
<LI><a href="#[84]">&gt;&gt;</a>&nbsp;&nbsp;&nbsp;AD5940_CsClr
<LI><a href="#[90]">&gt;&gt;</a>&nbsp;&nbsp;&nbsp;AD5940_ReadWrite8B
<LI><a href="#[92]">&gt;&gt;</a>&nbsp;&nbsp;&nbsp;AD5940_ReadWrite32B
<LI><a href="#[91]">&gt;&gt;</a>&nbsp;&nbsp;&nbsp;AD5940_ReadWrite16B
</UL>
<BR>[Called By]<UL><LI><a href="#[70]">&gt;&gt;</a>&nbsp;&nbsp;&nbsp;AD5940_ReadReg
</UL>

<P><STRONG><a name="[72]"></a>__AD5940_ReferenceON</STRONG> (Thumb, 66 bytes, Stack size 24 bytes, ad5940.o(i.__AD5940_ReferenceON))
<BR><BR>[Stack]<UL><LI>Max Depth = 192<LI>Call Chain = __AD5940_ReferenceON &rArr; AD5940_REFCfgS &rArr; AD5940_ReadReg &rArr; AD5940_SPIReadReg &rArr; AD5940_ReadWrite8B &rArr; AD5940_ReadWriteNBytes &rArr; HAL_SPI_TransmitReceive &rArr; SPI_EndRxTxTransaction &rArr; SPI_WaitFlagStateUntilTimeout
</UL>
<BR>[Calls]<UL><LI><a href="#[a0]">&gt;&gt;</a>&nbsp;&nbsp;&nbsp;AD5940_REFCfgS
</UL>
<BR>[Called By]<UL><LI><a href="#[5f]">&gt;&gt;</a>&nbsp;&nbsp;&nbsp;AD5940_ADCPGACal
</UL>

<P><STRONG><a name="[75]"></a>__AD5940_TakeMeasurement</STRONG> (Thumb, 72 bytes, Stack size 16 bytes, ad5940.o(i.__AD5940_TakeMeasurement))
<BR><BR>[Stack]<UL><LI>Max Depth = 184<LI>Call Chain = __AD5940_TakeMeasurement &rArr; AD5940_AFECtrlS &rArr; AD5940_ReadReg &rArr; AD5940_SPIReadReg &rArr; AD5940_ReadWrite8B &rArr; AD5940_ReadWriteNBytes &rArr; HAL_SPI_TransmitReceive &rArr; SPI_EndRxTxTransaction &rArr; SPI_WaitFlagStateUntilTimeout
</UL>
<BR>[Calls]<UL><LI><a href="#[73]">&gt;&gt;</a>&nbsp;&nbsp;&nbsp;AD5940_Delay10us
<LI><a href="#[6a]">&gt;&gt;</a>&nbsp;&nbsp;&nbsp;AD5940_ReadAfeResult
<LI><a href="#[68]">&gt;&gt;</a>&nbsp;&nbsp;&nbsp;AD5940_INTCTestFlag
<LI><a href="#[69]">&gt;&gt;</a>&nbsp;&nbsp;&nbsp;AD5940_INTCClrFlag
<LI><a href="#[62]">&gt;&gt;</a>&nbsp;&nbsp;&nbsp;AD5940_AFECtrlS
</UL>
<BR>[Called By]<UL><LI><a href="#[5f]">&gt;&gt;</a>&nbsp;&nbsp;&nbsp;AD5940_ADCPGACal
</UL>

<P><STRONG><a name="[9f]"></a>_is_value_in_table</STRONG> (Thumb, 28 bytes, Stack size 12 bytes, ad5940.o(i._is_value_in_table))
<BR><BR>[Stack]<UL><LI>Max Depth = 12<LI>Call Chain = _is_value_in_table
</UL>
<BR>[Called By]<UL><LI><a href="#[83]">&gt;&gt;</a>&nbsp;&nbsp;&nbsp;AD5940_Notch60HzAvailable
<LI><a href="#[82]">&gt;&gt;</a>&nbsp;&nbsp;&nbsp;AD5940_Notch50HzAvailable
</UL>

<P><STRONG><a name="[bd]"></a>AD5940_impedance_sys</STRONG> (Thumb, 144 bytes, Stack size 72 bytes, ad5940function.o(i.AD5940_impedance_sys))
<BR><BR>[Stack]<UL><LI>Max Depth = 352<LI>Call Chain = AD5940_impedance_sys &rArr; AD5940_Initialize &rArr; AD5940_ReadReg &rArr; AD5940_SPIReadReg &rArr; AD5940_ReadWrite8B &rArr; AD5940_ReadWriteNBytes &rArr; HAL_SPI_TransmitReceive &rArr; SPI_EndRxTxTransaction &rArr; SPI_WaitFlagStateUntilTimeout
</UL>
<BR>[Calls]<UL><LI><a href="#[ad]">&gt;&gt;</a>&nbsp;&nbsp;&nbsp;AD5940_SleepKeyCtrlS
<LI><a href="#[5e]">&gt;&gt;</a>&nbsp;&nbsp;&nbsp;AD5940_Initialize
<LI><a href="#[69]">&gt;&gt;</a>&nbsp;&nbsp;&nbsp;AD5940_INTCClrFlag
<LI><a href="#[65]">&gt;&gt;</a>&nbsp;&nbsp;&nbsp;AD5940_INTCCfg
<LI><a href="#[5d]">&gt;&gt;</a>&nbsp;&nbsp;&nbsp;AD5940_HWReset
<LI><a href="#[8c]">&gt;&gt;</a>&nbsp;&nbsp;&nbsp;AD5940_FIFOCfg
<LI><a href="#[7d]">&gt;&gt;</a>&nbsp;&nbsp;&nbsp;AD5940_CLKCfg
<LI><a href="#[78]">&gt;&gt;</a>&nbsp;&nbsp;&nbsp;AD5940_AGPIOCfg
</UL>
<BR>[Called By]<UL><LI><a href="#[bc]">&gt;&gt;</a>&nbsp;&nbsp;&nbsp;AD5940_impedance_init
</UL>

<P><STRONG><a name="[38]"></a>SPI_DMAAbortOnError</STRONG> (Thumb, 16 bytes, Stack size 8 bytes, stm32f1xx_hal_spi.o(i.SPI_DMAAbortOnError))
<BR><BR>[Stack]<UL><LI>Max Depth = 8<LI>Call Chain = SPI_DMAAbortOnError
</UL>
<BR>[Calls]<UL><LI><a href="#[dc]">&gt;&gt;</a>&nbsp;&nbsp;&nbsp;HAL_SPI_ErrorCallback
</UL>
<BR>[Address Reference Count : 1]<UL><LI> stm32f1xx_hal_spi.o(i.HAL_SPI_IRQHandler)
</UL>
<P><STRONG><a name="[e1]"></a>SPI_EndRxTxTransaction</STRONG> (Thumb, 32 bytes, Stack size 16 bytes, stm32f1xx_hal_spi.o(i.SPI_EndRxTxTransaction))
<BR><BR>[Stack]<UL><LI>Max Depth = 48<LI>Call Chain = SPI_EndRxTxTransaction &rArr; SPI_WaitFlagStateUntilTimeout
</UL>
<BR>[Calls]<UL><LI><a href="#[100]">&gt;&gt;</a>&nbsp;&nbsp;&nbsp;SPI_WaitFlagStateUntilTimeout
</UL>
<BR>[Called By]<UL><LI><a href="#[a5]">&gt;&gt;</a>&nbsp;&nbsp;&nbsp;HAL_SPI_TransmitReceive
</UL>

<P><STRONG><a name="[100]"></a>SPI_WaitFlagStateUntilTimeout</STRONG> (Thumb, 180 bytes, Stack size 32 bytes, stm32f1xx_hal_spi.o(i.SPI_WaitFlagStateUntilTimeout))
<BR><BR>[Stack]<UL><LI>Max Depth = 32<LI>Call Chain = SPI_WaitFlagStateUntilTimeout
</UL>
<BR>[Calls]<UL><LI><a href="#[ce]">&gt;&gt;</a>&nbsp;&nbsp;&nbsp;HAL_GetTick
</UL>
<BR>[Called By]<UL><LI><a href="#[e1]">&gt;&gt;</a>&nbsp;&nbsp;&nbsp;SPI_EndRxTxTransaction
</UL>

<P><STRONG><a name="[d6]"></a>__NVIC_SetPriority</STRONG> (Thumb, 32 bytes, Stack size 0 bytes, stm32f1xx_hal_cortex.o(i.__NVIC_SetPriority))
<BR><BR>[Called By]<UL><LI><a href="#[d5]">&gt;&gt;</a>&nbsp;&nbsp;&nbsp;HAL_NVIC_SetPriority
<LI><a href="#[d4]">&gt;&gt;</a>&nbsp;&nbsp;&nbsp;HAL_SYSTICK_Config
</UL>

<P><STRONG><a name="[e9]"></a>TIM_ITRx_SetConfig</STRONG> (Thumb, 16 bytes, Stack size 0 bytes, stm32f1xx_hal_tim.o(i.TIM_ITRx_SetConfig))
<BR><BR>[Called By]<UL><LI><a href="#[e5]">&gt;&gt;</a>&nbsp;&nbsp;&nbsp;HAL_TIM_ConfigClockSource
</UL>

<P><STRONG><a name="[e7]"></a>TIM_TI1_ConfigInputStage</STRONG> (Thumb, 34 bytes, Stack size 8 bytes, stm32f1xx_hal_tim.o(i.TIM_TI1_ConfigInputStage))
<BR><BR>[Stack]<UL><LI>Max Depth = 8<LI>Call Chain = TIM_TI1_ConfigInputStage
</UL>
<BR>[Called By]<UL><LI><a href="#[e5]">&gt;&gt;</a>&nbsp;&nbsp;&nbsp;HAL_TIM_ConfigClockSource
</UL>

<P><STRONG><a name="[e8]"></a>TIM_TI2_ConfigInputStage</STRONG> (Thumb, 36 bytes, Stack size 8 bytes, stm32f1xx_hal_tim.o(i.TIM_TI2_ConfigInputStage))
<BR><BR>[Stack]<UL><LI>Max Depth = 8<LI>Call Chain = TIM_TI2_ConfigInputStage
</UL>
<BR>[Called By]<UL><LI><a href="#[e5]">&gt;&gt;</a>&nbsp;&nbsp;&nbsp;HAL_TIM_ConfigClockSource
</UL>

<P><STRONG><a name="[39]"></a>UART_DMAAbortOnError</STRONG> (Thumb, 16 bytes, Stack size 8 bytes, stm32f1xx_hal_uart.o(i.UART_DMAAbortOnError))
<BR><BR>[Stack]<UL><LI>Max Depth = 8<LI>Call Chain = UART_DMAAbortOnError
</UL>
<BR>[Calls]<UL><LI><a href="#[ed]">&gt;&gt;</a>&nbsp;&nbsp;&nbsp;HAL_UART_ErrorCallback
</UL>
<BR>[Address Reference Count : 1]<UL><LI> stm32f1xx_hal_uart.o(i.HAL_UART_IRQHandler)
</UL>
<P><STRONG><a name="[ec]"></a>UART_EndRxTransfer</STRONG> (Thumb, 78 bytes, Stack size 0 bytes, stm32f1xx_hal_uart.o(i.UART_EndRxTransfer))
<BR><BR>[Calls]<UL><LI><a href="#[ec]">&gt;&gt;</a>&nbsp;&nbsp;&nbsp;UART_EndRxTransfer
</UL>
<BR>[Called By]<UL><LI><a href="#[ea]">&gt;&gt;</a>&nbsp;&nbsp;&nbsp;HAL_UART_IRQHandler
<LI><a href="#[ec]">&gt;&gt;</a>&nbsp;&nbsp;&nbsp;UART_EndRxTransfer
</UL>

<P><STRONG><a name="[eb]"></a>UART_Receive_IT</STRONG> (Thumb, 194 bytes, Stack size 8 bytes, stm32f1xx_hal_uart.o(i.UART_Receive_IT))
<BR><BR>[Stack]<UL><LI>Max Depth = 80<LI>Call Chain = UART_Receive_IT &rArr; HAL_UART_RxCpltCallback &rArr; HAL_UART_Transmit &rArr; UART_WaitOnFlagUntilTimeout
</UL>
<BR>[Calls]<UL><LI><a href="#[f6]">&gt;&gt;</a>&nbsp;&nbsp;&nbsp;HAL_UART_RxCpltCallback
<LI><a href="#[ef]">&gt;&gt;</a>&nbsp;&nbsp;&nbsp;HAL_UARTEx_RxEventCallback
</UL>
<BR>[Called By]<UL><LI><a href="#[ea]">&gt;&gt;</a>&nbsp;&nbsp;&nbsp;HAL_UART_IRQHandler
</UL>

<P><STRONG><a name="[f3]"></a>UART_SetConfig</STRONG> (Thumb, 178 bytes, Stack size 16 bytes, stm32f1xx_hal_uart.o(i.UART_SetConfig))
<BR><BR>[Stack]<UL><LI>Max Depth = 16<LI>Call Chain = UART_SetConfig
</UL>
<BR>[Calls]<UL><LI><a href="#[103]">&gt;&gt;</a>&nbsp;&nbsp;&nbsp;HAL_RCC_GetPCLK2Freq
<LI><a href="#[104]">&gt;&gt;</a>&nbsp;&nbsp;&nbsp;HAL_RCC_GetPCLK1Freq
</UL>
<BR>[Called By]<UL><LI><a href="#[f1]">&gt;&gt;</a>&nbsp;&nbsp;&nbsp;HAL_UART_Init
</UL>

<P><STRONG><a name="[f8]"></a>UART_WaitOnFlagUntilTimeout</STRONG> (Thumb, 120 bytes, Stack size 24 bytes, stm32f1xx_hal_uart.o(i.UART_WaitOnFlagUntilTimeout))
<BR><BR>[Stack]<UL><LI>Max Depth = 24<LI>Call Chain = UART_WaitOnFlagUntilTimeout
</UL>
<BR>[Calls]<UL><LI><a href="#[ce]">&gt;&gt;</a>&nbsp;&nbsp;&nbsp;HAL_GetTick
</UL>
<BR>[Called By]<UL><LI><a href="#[f7]">&gt;&gt;</a>&nbsp;&nbsp;&nbsp;HAL_UART_Transmit
</UL>

<P><STRONG><a name="[c7]"></a>AppIMPSeqCfgGen</STRONG> (Thumb, 494 bytes, Stack size 264 bytes, impedance.o(i.AppIMPSeqCfgGen))
<BR><BR>[Stack]<UL><LI>Max Depth = 536<LI>Call Chain = AppIMPSeqCfgGen &rArr; AD5940_SweepNext &rArr; pow &rArr; __kernel_poly &rArr; __aeabi_dmul &rArr; _double_epilogue &rArr; _double_round
</UL>
<BR>[Calls]<UL><LI><a href="#[6f]">&gt;&gt;</a>&nbsp;&nbsp;&nbsp;__aeabi_fmul
<LI><a href="#[45]">&gt;&gt;</a>&nbsp;&nbsp;&nbsp;__aeabi_fdiv
<LI><a href="#[40]">&gt;&gt;</a>&nbsp;&nbsp;&nbsp;__aeabi_fadd
<LI><a href="#[81]">&gt;&gt;</a>&nbsp;&nbsp;&nbsp;__aeabi_f2uiz
<LI><a href="#[b3]">&gt;&gt;</a>&nbsp;&nbsp;&nbsp;AD5940_WGFreqWordCal
<LI><a href="#[ae]">&gt;&gt;</a>&nbsp;&nbsp;&nbsp;AD5940_SweepNext
<LI><a href="#[ac]">&gt;&gt;</a>&nbsp;&nbsp;&nbsp;AD5940_SEQGenInsert
<LI><a href="#[ca]">&gt;&gt;</a>&nbsp;&nbsp;&nbsp;AD5940_SEQGenFetchSeq
<LI><a href="#[c9]">&gt;&gt;</a>&nbsp;&nbsp;&nbsp;AD5940_SEQGenCtrl
<LI><a href="#[a7]">&gt;&gt;</a>&nbsp;&nbsp;&nbsp;AD5940_SEQCmdWrite
<LI><a href="#[a0]">&gt;&gt;</a>&nbsp;&nbsp;&nbsp;AD5940_REFCfgS
<LI><a href="#[9d]">&gt;&gt;</a>&nbsp;&nbsp;&nbsp;AD5940_LPDACCfgS
<LI><a href="#[77]">&gt;&gt;</a>&nbsp;&nbsp;&nbsp;AD5940_HSLoopCfgS
<LI><a href="#[88]">&gt;&gt;</a>&nbsp;&nbsp;&nbsp;AD5940_DSPCfgS
<LI><a href="#[62]">&gt;&gt;</a>&nbsp;&nbsp;&nbsp;AD5940_AFECtrlS
</UL>
<BR>[Called By]<UL><LI><a href="#[be]">&gt;&gt;</a>&nbsp;&nbsp;&nbsp;AppIMPInit
</UL>

<P><STRONG><a name="[c8]"></a>AppIMPSeqMeasureGen</STRONG> (Thumb, 308 bytes, Stack size 88 bytes, impedance.o(i.AppIMPSeqMeasureGen))
<BR><BR>[Stack]<UL><LI>Max Depth = 268<LI>Call Chain = AppIMPSeqMeasureGen &rArr; AD5940_ClksCalculate &rArr;  AD5940_ClksCalculate (Cycle)
</UL>
<BR>[Calls]<UL><LI><a href="#[45]">&gt;&gt;</a>&nbsp;&nbsp;&nbsp;__aeabi_fdiv
<LI><a href="#[95]">&gt;&gt;</a>&nbsp;&nbsp;&nbsp;AD5940_SWMatrixCfgS
<LI><a href="#[a8]">&gt;&gt;</a>&nbsp;&nbsp;&nbsp;AD5940_SEQGpioCtrlS
<LI><a href="#[ac]">&gt;&gt;</a>&nbsp;&nbsp;&nbsp;AD5940_SEQGenInsert
<LI><a href="#[ca]">&gt;&gt;</a>&nbsp;&nbsp;&nbsp;AD5940_SEQGenFetchSeq
<LI><a href="#[c9]">&gt;&gt;</a>&nbsp;&nbsp;&nbsp;AD5940_SEQGenCtrl
<LI><a href="#[a7]">&gt;&gt;</a>&nbsp;&nbsp;&nbsp;AD5940_SEQCmdWrite
<LI><a href="#[8b]">&gt;&gt;</a>&nbsp;&nbsp;&nbsp;AD5940_EnterSleepS
<LI><a href="#[7f]">&gt;&gt;</a>&nbsp;&nbsp;&nbsp;AD5940_ClksCalculate
<LI><a href="#[62]">&gt;&gt;</a>&nbsp;&nbsp;&nbsp;AD5940_AFECtrlS
</UL>
<BR>[Called By]<UL><LI><a href="#[be]">&gt;&gt;</a>&nbsp;&nbsp;&nbsp;AppIMPInit
</UL>

<P><STRONG><a name="[110]"></a>_fp_digits</STRONG> (Thumb, 366 bytes, Stack size 64 bytes, printfa.o(i._fp_digits), UNUSED)
<BR><BR>[Calls]<UL><LI><a href="#[4d]">&gt;&gt;</a>&nbsp;&nbsp;&nbsp;__aeabi_dmul
<LI><a href="#[4e]">&gt;&gt;</a>&nbsp;&nbsp;&nbsp;__aeabi_ddiv
<LI><a href="#[46]">&gt;&gt;</a>&nbsp;&nbsp;&nbsp;__aeabi_dadd
<LI><a href="#[58]">&gt;&gt;</a>&nbsp;&nbsp;&nbsp;__aeabi_d2ulz
<LI><a href="#[111]">&gt;&gt;</a>&nbsp;&nbsp;&nbsp;__aeabi_cdrcmple
<LI><a href="#[55]">&gt;&gt;</a>&nbsp;&nbsp;&nbsp;__aeabi_uldivmod
</UL>
<BR>[Called By]<UL><LI><a href="#[107]">&gt;&gt;</a>&nbsp;&nbsp;&nbsp;_printf_core
</UL>

<P><STRONG><a name="[107]"></a>_printf_core</STRONG> (Thumb, 1704 bytes, Stack size 136 bytes, printfa.o(i._printf_core), UNUSED)
<BR><BR>[Calls]<UL><LI><a href="#[112]">&gt;&gt;</a>&nbsp;&nbsp;&nbsp;_printf_pre_padding
<LI><a href="#[113]">&gt;&gt;</a>&nbsp;&nbsp;&nbsp;_printf_post_padding
<LI><a href="#[110]">&gt;&gt;</a>&nbsp;&nbsp;&nbsp;_fp_digits
<LI><a href="#[55]">&gt;&gt;</a>&nbsp;&nbsp;&nbsp;__aeabi_uldivmod
<LI><a href="#[114]">&gt;&gt;</a>&nbsp;&nbsp;&nbsp;__aeabi_uidivmod
</UL>
<BR>[Called By]<UL><LI><a href="#[106]">&gt;&gt;</a>&nbsp;&nbsp;&nbsp;__0printf
</UL>

<P><STRONG><a name="[113]"></a>_printf_post_padding</STRONG> (Thumb, 36 bytes, Stack size 24 bytes, printfa.o(i._printf_post_padding), UNUSED)
<BR><BR>[Called By]<UL><LI><a href="#[107]">&gt;&gt;</a>&nbsp;&nbsp;&nbsp;_printf_core
</UL>

<P><STRONG><a name="[112]"></a>_printf_pre_padding</STRONG> (Thumb, 46 bytes, Stack size 24 bytes, printfa.o(i._printf_pre_padding), UNUSED)
<BR><BR>[Called By]<UL><LI><a href="#[107]">&gt;&gt;</a>&nbsp;&nbsp;&nbsp;_printf_core
</UL>
<P>
<H3>
Undefined Global Symbols
</H3><HR></body></html>
